Component: ARM Compiler 5.06 update 6 (build 750) Tool: armlink [4d35ed]

==============================================================================

Section Cross References

    startup_stm32f427xx.o(RESET) refers to startup_stm32f427xx.o(STACK) for __initial_sp
    startup_stm32f427xx.o(RESET) refers to startup_stm32f427xx.o(.text) for Reset_Handler
    startup_stm32f427xx.o(RESET) refers to stm32f4xx_it.o(i.NMI_Handler) for NMI_Handler
    startup_stm32f427xx.o(RESET) refers to context_rvds.o(.text) for HardFault_Handler
    startup_stm32f427xx.o(RESET) refers to stm32f4xx_it.o(i.MemManage_Handler) for MemManage_Handler
    startup_stm32f427xx.o(RESET) refers to stm32f4xx_it.o(i.BusFault_Handler) for BusFault_Handler
    startup_stm32f427xx.o(RESET) refers to stm32f4xx_it.o(i.UsageFault_Handler) for UsageFault_Handler
    startup_stm32f427xx.o(RESET) refers to stm32f4xx_it.o(i.SVC_Handler) for SVC_Handler
    startup_stm32f427xx.o(RESET) refers to stm32f4xx_it.o(i.DebugMon_Handler) for DebugMon_Handler
    startup_stm32f427xx.o(RESET) refers to board.o(i.SysTick_Handler) for SysTick_Handler
    startup_stm32f427xx.o(.text) refers to system_stm32f4xx.o(i.SystemInit) for SystemInit
    startup_stm32f427xx.o(.text) refers to entry.o(.ARM.Collect$$$$00000000) for __main
    main.o(i.LED_OFF) refers to stm32f4xx_hal_gpio.o(i.HAL_GPIO_WritePin) for HAL_GPIO_WritePin
    main.o(i.LED_ON) refers to stm32f4xx_hal_gpio.o(i.HAL_GPIO_WritePin) for HAL_GPIO_WritePin
    main.o(i.SystemClock_Config) refers to memseta.o(.text) for __aeabi_memclr4
    main.o(i.SystemClock_Config) refers to stm32f4xx_hal_rcc.o(i.HAL_RCC_OscConfig) for HAL_RCC_OscConfig
    main.o(i.SystemClock_Config) refers to stm32f4xx_hal_pwr_ex.o(i.HAL_PWREx_EnableOverDrive) for HAL_PWREx_EnableOverDrive
    main.o(i.SystemClock_Config) refers to stm32f4xx_hal_rcc.o(i.HAL_RCC_ClockConfig) for HAL_RCC_ClockConfig
    main.o(i.main) refers to stm32f4xx_hal.o(i.HAL_Init) for HAL_Init
    main.o(i.main) refers to main.o(i.SystemClock_Config) for SystemClock_Config
    main.o(i.main) refers to gpio.o(i.MX_GPIO_Init) for MX_GPIO_Init
    main.o(i.main) refers to usart.o(i.MX_UART7_Init) for MX_UART7_Init
    main.o(i.main) refers to spi.o(i.MX_SPI4_Init) for MX_SPI4_Init
    main.o(i.main) refers to thread.o(i.rt_thread_mdelay) for rt_thread_mdelay
    main.o(i.main) refers to kservice.o(i.rt_kprintf) for rt_kprintf
    main.o(i.main) refers to ams_thread.o(i.ams_thread_init) for ams_thread_init
    ams_thread.o(i.ams_thread_init) refers to thread.o(i.rt_thread_init) for rt_thread_init
    ams_thread.o(i.ams_thread_init) refers to thread.o(i.rt_thread_startup) for rt_thread_startup
    ams_thread.o(i.ams_thread_init) refers to ams_thread.o(.bss) for .bss
    ams_thread.o(i.ams_thread_init) refers to ams_thread.o(i.led_thread_entry) for led_thread_entry
    ams_thread.o(i.led_thread_entry) refers to thread.o(i.rt_thread_mdelay) for rt_thread_mdelay
    ams_thread.o(i.led_thread_entry) refers to main.o(i.LED_OFF) for LED_OFF
    ams_thread.o(i.led_thread_entry) refers to main.o(i.LED_ON) for LED_ON
    gpio.o(i.MX_GPIO_Init) refers to memseta.o(.text) for __aeabi_memclr4
    gpio.o(i.MX_GPIO_Init) refers to stm32f4xx_hal_gpio.o(i.HAL_GPIO_WritePin) for HAL_GPIO_WritePin
    gpio.o(i.MX_GPIO_Init) refers to stm32f4xx_hal_gpio.o(i.HAL_GPIO_Init) for HAL_GPIO_Init
    spi.o(i.HAL_SPI_MspDeInit) refers to stm32f4xx_hal_gpio.o(i.HAL_GPIO_DeInit) for HAL_GPIO_DeInit
    spi.o(i.HAL_SPI_MspInit) refers to memseta.o(.text) for __aeabi_memclr4
    spi.o(i.HAL_SPI_MspInit) refers to stm32f4xx_hal_gpio.o(i.HAL_GPIO_Init) for HAL_GPIO_Init
    spi.o(i.MX_SPI4_Init) refers to stm32f4xx_hal_spi.o(i.HAL_SPI_Init) for HAL_SPI_Init
    spi.o(i.MX_SPI4_Init) refers to main.o(i.Error_Handler) for Error_Handler
    spi.o(i.MX_SPI4_Init) refers to spi.o(.bss) for .bss
    usart.o(i.HAL_UART_MspDeInit) refers to stm32f4xx_hal_gpio.o(i.HAL_GPIO_DeInit) for HAL_GPIO_DeInit
    usart.o(i.HAL_UART_MspInit) refers to memseta.o(.text) for __aeabi_memclr4
    usart.o(i.HAL_UART_MspInit) refers to stm32f4xx_hal_gpio.o(i.HAL_GPIO_Init) for HAL_GPIO_Init
    usart.o(i.MX_UART7_Init) refers to stm32f4xx_hal_uart.o(i.HAL_UART_Init) for HAL_UART_Init
    usart.o(i.MX_UART7_Init) refers to main.o(i.Error_Handler) for Error_Handler
    usart.o(i.MX_UART7_Init) refers to usart.o(.bss) for .bss
    stm32f4xx_hal_spi.o(i.HAL_SPI_Abort) refers to stm32f4xx_hal_dma.o(i.HAL_DMA_Abort) for HAL_DMA_Abort
    stm32f4xx_hal_spi.o(i.HAL_SPI_Abort) refers to system_stm32f4xx.o(.data) for SystemCoreClock
    stm32f4xx_hal_spi.o(i.HAL_SPI_Abort) refers to stm32f4xx_hal_spi.o(i.SPI_AbortTx_ISR) for SPI_AbortTx_ISR
    stm32f4xx_hal_spi.o(i.HAL_SPI_Abort) refers to stm32f4xx_hal_spi.o(i.SPI_AbortRx_ISR) for SPI_AbortRx_ISR
    stm32f4xx_hal_spi.o(i.HAL_SPI_Abort_IT) refers to stm32f4xx_hal_dma.o(i.HAL_DMA_Abort_IT) for HAL_DMA_Abort_IT
[...]
    i.finsh_get_prompt                       0x08001814   Section        0  shell.o(i.finsh_get_prompt)
    i.finsh_set_prompt_mode                  0x08001874   Section        0  shell.o(i.finsh_set_prompt_mode)
    i.finsh_system_function_init             0x08001888   Section        0  shell.o(i.finsh_system_function_init)
    i.finsh_system_init                      0x08001894   Section        0  shell.o(i.finsh_system_init)
    i.finsh_thread_entry                     0x08001928   Section        0  shell.o(i.finsh_thread_entry)
    i.hard_fault_track                       0x08001bb4   Section        0  cpuport.o(i.hard_fault_track)
    hard_fault_track                         0x08001bb5   Thumb Code    76  cpuport.o(i.hard_fault_track)
    i.hello                                  0x08001c2c   Section        0  cmd.o(i.hello)
    i.led_thread_entry                       0x08001c4c   Section        0  ams_thread.o(i.led_thread_entry)
    i.list                                   0x08001c8c   Section        0  cmd.o(i.list)
    i.list_find_init                         0x08001cf0   Section        0  cmd.o(i.list_find_init)
    list_find_init                           0x08001cf1   Thumb Code    36  cmd.o(i.list_find_init)
    i.list_get_next                          0x08001d14   Section        0  cmd.o(i.list_get_next)
    list_get_next                            0x08001d15   Thumb Code   102  cmd.o(i.list_get_next)
    i.list_mailbox                           0x08001d7c   Section        0  cmd.o(i.list_mailbox)
    i.list_mem                               0x08001ec0   Section        0  mem.o(i.list_mem)
    i.list_sem                               0x08001f2c   Section        0  cmd.o(i.list_sem)
    i.list_thread                            0x08002048   Section        0  cmd.o(i.list_thread)
    i.list_timer                             0x08002200   Section        0  cmd.o(i.list_timer)
    i.main                                   0x08002340   Section        0  main.o(i.main)
    i.main_thread_entry                      0x08002390   Section        0  components.o(i.main_thread_entry)
    i.mem_manage_fault_track                 0x080023a0   Section        0  cpuport.o(i.mem_manage_fault_track)
    mem_manage_fault_track                   0x080023a1   Thumb Code    98  cpuport.o(i.mem_manage_fault_track)
    i.msh_auto_complete                      0x08002478   Section        0  msh.o(i.msh_auto_complete)
    i.msh_exec                               0x08002524   Section        0  msh.o(i.msh_exec)
    i.msh_help                               0x08002588   Section        0  msh.o(i.msh_help)
    i.msh_is_used                            0x08002600   Section        0  msh.o(i.msh_is_used)
    i.msh_split                              0x08002604   Section        0  msh.o(i.msh_split)
    msh_split                                0x08002605   Thumb Code   172  msh.o(i.msh_split)
    i.object_split                           0x080026d4   Section        0  cmd.o(i.object_split)
    object_split                             0x080026d5   Thumb Code    18  cmd.o(i.object_split)
    i.plug_holes                             0x080026ec   Section        0  mem.o(i.plug_holes)
    plug_holes                               0x080026ed   Thumb Code    80  mem.o(i.plug_holes)
    i.print_number                           0x08002740   Section        0  kservice.o(i.print_number)
    print_number                             0x08002741   Thumb Code   300  kservice.o(i.print_number)
    i.rt_application_init                    0x08002870   Section        0  components.o(i.rt_application_init)
    i.rt_calloc                              0x0800289c   Section        0  mem.o(i.rt_calloc)
    i.rt_components_board_init               0x080028b8   Section        0  components.o(i.rt_components_board_init)
    i.rt_components_init                     0x080028d4   Section        0  components.o(i.rt_components_init)
    i.rt_enter_critical                      0x080028f0   Section        0  scheduler.o(i.rt_enter_critical)
    i.rt_exit_critical                       0x0800290c   Section        0  scheduler.o(i.rt_exit_critical)
    i.rt_free                                0x08002944   Section        0  mem.o(i.rt_free)
    i.rt_heap_begin_get                      0x08002a08   Section        0  board.o(i.rt_heap_begin_get)
    i.rt_heap_end_get                        0x08002a10   Section        0  board.o(i.rt_heap_end_get)
    i.rt_hw_board_init                       0x08002a18   Section        0  board.o(i.rt_hw_board_init)
    i.rt_hw_console_getchar                  0x08002a74   Section        0  finsh_port.o(i.rt_hw_console_getchar)
    i.rt_hw_console_output                   0x08002aa8   Section        0  board.o(i.rt_hw_console_output)
    i.rt_hw_hard_fault_exception             0x08002af0   Section        0  cpuport.o(i.rt_hw_hard_fault_exception)
    i.rt_hw_stack_init                       0x08002d08   Section        0  cpuport.o(i.rt_hw_stack_init)
    i.rt_interrupt_enter                     0x08002d44   Section        0  irq.o(i.rt_interrupt_enter)
    i.rt_interrupt_leave                     0x08002d60   Section        0  irq.o(i.rt_interrupt_leave)
    i.rt_ipc_list_suspend                    0x08002d7c   Section        0  ipc.o(i.rt_ipc_list_suspend)
    rt_ipc_list_suspend                      0x08002d7d   Thumb Code    82  ipc.o(i.rt_ipc_list_suspend)
    i.rt_kprintf                             0x08002dd0   Section        0  kservice.o(i.rt_kprintf)
    i.rt_list_insert_after                   0x08002df4   Section        0  object.o(i.rt_list_insert_after)
    rt_list_insert_after                     0x08002df5   Thumb Code    14  object.o(i.rt_list_insert_after)
    i.rt_list_insert_after                   0x08002e02   Section        0  thread.o(i.rt_list_insert_after)
    rt_list_insert_after                     0x08002e03   Thumb Code    14  thread.o(i.rt_list_insert_after)
    i.rt_list_insert_after                   0x08002e10   Section        0  timer.o(i.rt_list_insert_after)
    rt_list_insert_after                     0x08002e11   Thumb Code    14  timer.o(i.rt_list_insert_after)
    i.rt_list_insert_before                  0x08002e1e   Section        0  ipc.o(i.rt_list_insert_before)
    rt_list_insert_before                    0x08002e1f   Thumb Code    14  ipc.o(i.rt_list_insert_before)
    i.rt_list_len                            0x08002e2c   Section        0  cmd.o(i.rt_list_len)
    rt_list_len                              0x08002e2d   Thumb Code    18  cmd.o(i.rt_list_len)
    i.rt_list_remove                         0x08002e3e   Section        0  object.o(i.rt_list_remove)
    rt_list_remove                           0x08002e3f   Thumb Code    18  object.o(i.rt_list_remove)
    i.rt_list_remove                         0x08002e50   Section        0  thread.o(i.rt_list_remove)
    rt_list_remove                           0x08002e51   Thumb Code    18  thread.o(i.rt_list_remove)
    i.rt_list_remove                         0x08002e62   Section        0  timer.o(i.rt_list_remove)
    rt_list_remove                           0x08002e63   Thumb Code    18  timer.o(i.rt_list_remove)
    i.rt_malloc                              0x08002e74   Section        0  mem.o(i.rt_malloc)
    i.rt_memmove                             0x08002f64   Section        0  kservice.o(i.rt_memmove)
    i.rt_memset                              0x08002f98   Section        0  kservice.o(i.rt_memset)
    i.rt_object_allocate                     0x08002fde   Section        0  object.o(i.rt_object_allocate)
    i.rt_object_delete                       0x0800302e   Section        0  object.o(i.rt_object_delete)
    i.rt_object_detach                       0x08003054   Section        0  object.o(i.rt_object_detach)
    i.rt_object_get_information              0x08003074   Section        0  object.o(i.rt_object_get_information)
    i.rt_object_init                         0x08003098   Section        0  object.o(i.rt_object_init)
    i.rt_object_is_systemobject              0x080030e8   Section        0  object.o(i.rt_object_is_systemobject)
    i.rt_os_tick_callback                    0x080030f6   Section        0  board.o(i.rt_os_tick_callback)
    i.rt_schedule                            0x08003108   Section        0  scheduler.o(i.rt_schedule)
    i.rt_schedule_insert_thread              0x08003160   Section        0  scheduler.o(i.rt_schedule_insert_thread)
    i.rt_schedule_remove_thread              0x080031b0   Section        0  scheduler.o(i.rt_schedule_remove_thread)
    i.rt_sem_init                            0x080031f8   Section        0  ipc.o(i.rt_sem_init)
    i.rt_sem_release                         0x0800321c   Section        0  ipc.o(i.rt_sem_release)
    i.rt_sem_take                            0x08003266   Section        0  ipc.o(i.rt_sem_take)
    i.rt_show_version                        0x080032d4   Section        0  kservice.o(i.rt_show_version)
    i.rt_strlen                              0x08003384   Section        0  kservice.o(i.rt_strlen)
    i.rt_strncpy                             0x08003394   Section        0  kservice.o(i.rt_strncpy)
    i.rt_system_heap_init                    0x080033bc   Section        0  mem.o(i.rt_system_heap_init)
    i.rt_system_scheduler_init               0x08003468   Section        0  scheduler.o(i.rt_system_scheduler_init)
    i.rt_system_scheduler_start              0x0800349c   Section        0  scheduler.o(i.rt_system_scheduler_start)
    i.rt_system_timer_init                   0x080034c4   Section        0  timer.o(i.rt_system_timer_init)
    i.rt_system_timer_thread_init            0x080034d0   Section        0  timer.o(i.rt_system_timer_thread_init)
    i.rt_thread_create                       0x080034d2   Section        0  thread.o(i.rt_thread_create)
    i.rt_thread_exit                         0x0800351c   Section        0  thread.o(i.rt_thread_exit)
    i.rt_thread_idle_entry                   0x08003578   Section        0  idle.o(i.rt_thread_idle_entry)
    rt_thread_idle_entry                     0x08003579   Thumb Code     6  idle.o(i.rt_thread_idle_entry)
    i.rt_thread_idle_excute                  0x08003580   Section        0  idle.o(i.rt_thread_idle_excute)
    i.rt_thread_idle_init                    0x080035cc   Section        0  idle.o(i.rt_thread_idle_init)
    i.rt_thread_init                         0x08003604   Section        0  thread.o(i.rt_thread_init)
    i.rt_thread_mdelay                       0x08003634   Section        0  thread.o(i.rt_thread_mdelay)
    i.rt_thread_resume                       0x08003642   Section        0  thread.o(i.rt_thread_resume)
    i.rt_thread_self                         0x08003680   Section        0  thread.o(i.rt_thread_self)
    i.rt_thread_sleep                        0x0800368c   Section        0  thread.o(i.rt_thread_sleep)
    i.rt_thread_startup                      0x080036cc   Section        0  thread.o(i.rt_thread_startup)
    i.rt_thread_suspend                      0x080036f8   Section        0  thread.o(i.rt_thread_suspend)
    i.rt_thread_timeout                      0x0800373a   Section        0  thread.o(i.rt_thread_timeout)
    i.rt_thread_yield                        0x0800375c   Section        0  thread.o(i.rt_thread_yield)
    i.rt_tick_from_millisecond               0x080037bc   Section        0  clock.o(i.rt_tick_from_millisecond)
    i.rt_tick_get                            0x080037f0   Section        0  clock.o(i.rt_tick_get)
    i.rt_tick_increase                       0x080037fc   Section        0  clock.o(i.rt_tick_increase)
    i.rt_timer_check                         0x08003828   Section        0  timer.o(i.rt_timer_check)
    i.rt_timer_control                       0x080038b4   Section        0  timer.o(i.rt_timer_control)
    i.rt_timer_detach                        0x080038fc   Section        0  timer.o(i.rt_timer_detach)
    i.rt_timer_init                          0x08003924   Section        0  timer.o(i.rt_timer_init)
    i.rt_timer_start                         0x0800394c   Section        0  timer.o(i.rt_timer_start)
    i.rt_timer_stop                          0x080039d0   Section        0  timer.o(i.rt_timer_stop)
    i.rt_vsnprintf                           0x08003a00   Section        0  kservice.o(i.rt_vsnprintf)
    i.rti_board_end                          0x08003c84   Section        0  components.o(i.rti_board_end)
    rti_board_end                            0x08003c85   Thumb Code     4  components.o(i.rti_board_end)
    i.rti_board_start                        0x08003c88   Section        0  components.o(i.rti_board_start)
    rti_board_start                          0x08003c89   Thumb Code     4  components.o(i.rti_board_start)
    i.rti_end                                0x08003c8c   Section        0  components.o(i.rti_end)
    rti_end                                  0x08003c8d   Thumb Code     4  components.o(i.rti_end)
    i.rti_start                              0x08003c90   Section        0  components.o(i.rti_start)
    rti_start                                0x08003c91   Thumb Code     4  components.o(i.rti_start)
    i.rtthread_startup                       0x08003c94   Section        0  components.o(i.rtthread_startup)
    i.show_wait_queue                        0x08003cc0   Section        0  cmd.o(i.show_wait_queue)
    show_wait_queue                          0x08003cc1   Thumb Code    38  cmd.o(i.show_wait_queue)
    i.skip_atoi                              0x08003cf0   Section        0  kservice.o(i.skip_atoi)
    skip_atoi                                0x08003cf1   Thumb Code    40  kservice.o(i.skip_atoi)
    i.uart_init                              0x08003d18   Section        0  board.o(i.uart_init)
    uart_init                                0x08003d19   Thumb Code    10  board.o(i.uart_init)
    i.usage_fault_track                      0x08003d24   Section        0  cpuport.o(i.usage_fault_track)
    usage_fault_track                        0x08003d25   Thumb Code   100  cpuport.o(i.usage_fault_track)
    i.version                                0x08003df4   Section        0  cmd.o(i.version)
    .constdata                               0x08003dfe   Section       16  system_stm32f4xx.o(.constdata)
    .constdata                               0x08003e0e   Section        8  system_stm32f4xx.o(.constdata)
    .constdata                               0x08003e16   Section      290  kservice.o(.constdata)
    small_digits                             0x08003f16   Data          17  kservice.o(.constdata)
    large_digits                             0x08003f27   Data          17  kservice.o(.constdata)
    .conststring                             0x08003f38   Section       68  cmd.o(.conststring)
    .rodata.name                             0x08003f7c   Section        9  mem.o(.rodata.name)
    .rodata.name                             0x08003f85   Section       30  mem.o(.rodata.name)
    .rodata.name                             0x08003fa3   Section        6  cmd.o(.rodata.name)
    .rodata.name                             0x08003fa9   Section       16  cmd.o(.rodata.name)
    .rodata.name                             0x08003fb9   Section        8  cmd.o(.rodata.name)
    .rodata.name                             0x08003fc1   Section       35  cmd.o(.rodata.name)
    .rodata.name                             0x08003fe4   Section       14  cmd.o(.rodata.name)
    .rodata.name                             0x08003ff2   Section       35  cmd.o(.rodata.name)
    .rodata.name                             0x08004015   Section       12  cmd.o(.rodata.name)
    .rodata.name                             0x08004021   Section       12  cmd.o(.rodata.name)
    .rodata.name                             0x0800402d   Section       18  cmd.o(.rodata.name)
    .rodata.name                             0x0800403f   Section       12  cmd.o(.rodata.name)
    .rodata.name                             0x0800404b   Section        9  cmd.o(.rodata.name)
    .rodata.name                             0x08004054   Section       25  cmd.o(.rodata.name)
    .rodata.name                             0x0800406d   Section       15  cmd.o(.rodata.name)
    .rodata.name                             0x0800407c   Section       25  cmd.o(.rodata.name)
    .rodata.name                             0x08004095   Section       13  cmd.o(.rodata.name)
    .rodata.name                             0x080040a2   Section       24  cmd.o(.rodata.name)
    .rodata.name                             0x080040ba   Section       19  cmd.o(.rodata.name)
    .rodata.name                             0x080040cd   Section       24  cmd.o(.rodata.name)
    .rodata.name                             0x080040e5   Section       11  cmd.o(.rodata.name)
    .rodata.name                             0x080040f0   Section       21  cmd.o(.rodata.name)
    .rodata.name                             0x08004105   Section       17  cmd.o(.rodata.name)
    .rodata.name                             0x08004116   Section       21  cmd.o(.rodata.name)
    .rodata.name                             0x0800412b   Section        5  cmd.o(.rodata.name)
    .rodata.name                             0x08004130   Section       26  cmd.o(.rodata.name)
    .rodata.name                             0x0800414a   Section       11  msh.o(.rodata.name)
    .rodata.name                             0x08004155   Section       22  msh.o(.rodata.name)
    .rodata.name                             0x0800416b   Section        9  msh.o(.rodata.name)
    .rodata.name                             0x08004174   Section       28  msh.o(.rodata.name)
    .rodata.name                             0x08004190   Section       11  msh.o(.rodata.name)
    .rodata.name                             0x0800419b   Section       37  msh.o(.rodata.name)
    .rti_fn.0                                0x080041c0   Section        4  components.o(.rti_fn.0)
    __tagsym$$used                           0x080041c0   Number         0  components.o(.rti_fn.0)
    .rti_fn.0.end                            0x080041c4   Section        4  components.o(.rti_fn.0.end)
    __tagsym$$used                           0x080041c4   Number         0  components.o(.rti_fn.0.end)
    .rti_fn.1                                0x080041c8   Section        4  board.o(.rti_fn.1)
    __tagsym$$used                           0x080041c8   Number         0  board.o(.rti_fn.1)
    .rti_fn.1.end                            0x080041cc   Section        4  components.o(.rti_fn.1.end)
    __tagsym$$used                           0x080041cc   Number         0  components.o(.rti_fn.1.end)
    .rti_fn.6                                0x080041d0   Section        4  shell.o(.rti_fn.6)
    __tagsym$$used                           0x080041d0   Number         0  shell.o(.rti_fn.6)
    .rti_fn.6.end                            0x080041d4   Section        4  components.o(.rti_fn.6.end)
    __tagsym$$used                           0x080041d4   Number         0  components.o(.rti_fn.6.end)
    FSymTab                                  0x080041d8   Section       12  mem.o(FSymTab)
    __tagsym$$used                           0x080041d8   Number         0  mem.o(FSymTab)
    FSymTab                                  0x080041e4   Section      144  cmd.o(FSymTab)
    __tagsym$$used                           0x080041e4   Number         0  cmd.o(FSymTab)
    __tagsym$$used                           0x080041f0   Number         0  cmd.o(FSymTab)
    __tagsym$$used                           0x080041fc   Number         0  cmd.o(FSymTab)
    __tagsym$$used                           0x08004208   Number         0  cmd.o(FSymTab)
    __tagsym$$used                           0x08004214   Number         0  cmd.o(FSymTab)
    __tagsym$$used                           0x08004220   Number         0  cmd.o(FSymTab)
    __tagsym$$used                           0x0800422c   Number         0  cmd.o(FSymTab)
    __tagsym$$used                           0x08004238   Number         0  cmd.o(FSymTab)
    __tagsym$$used                           0x08004244   Number         0  cmd.o(FSymTab)
    __tagsym$$used                           0x08004250   Number         0  cmd.o(FSymTab)
    __tagsym$$used                           0x0800425c   Number         0  cmd.o(FSymTab)
    __tagsym$$used                           0x08004268   Number         0  cmd.o(FSymTab)
    FSymTab                                  0x08004274   Section       36  msh.o(FSymTab)
    __tagsym$$used                           0x08004274   Number         0  msh.o(FSymTab)
    __tagsym$$used                           0x08004280   Number         0  msh.o(FSymTab)
    __tagsym$$used                           0x0800428c   Number         0  msh.o(FSymTab)
    .data                                    0x20000000   Section       12  stm32f4xx_hal.o(.data)
    .data                                    0x2000000c   Section        4  system_stm32f4xx.o(.data)
    .data                                    0x20000010   Section        4  clock.o(.data)
    rt_tick                                  0x20000010   Data           4  clock.o(.data)
    .data                                    0x20000014   Section        4  cpuport.o(.data)
    rt_exception_hook                        0x20000014   Data           4  cpuport.o(.data)
    .data                                    0x20000018   Section        4  cpuport.o(.data)
    .data                                    0x2000001c   Section        4  cpuport.o(.data)
    .data                                    0x20000020   Section        4  cpuport.o(.data)
    .data                                    0x20000024   Section        1  irq.o(.data)
    .data                                    0x20000028   Section       24  mem.o(.data)
    heap_ptr                                 0x20000028   Data           4  mem.o(.data)
    heap_end                                 0x2000002c   Data           4  mem.o(.data)
    lfree                                    0x20000030   Data           4  mem.o(.data)
    mem_size_aligned                         0x20000034   Data           4  mem.o(.data)
    used_mem                                 0x20000038   Data           4  mem.o(.data)
    max_mem                                  0x2000003c   Data           4  mem.o(.data)
    .data                                    0x20000040   Section       64  object.o(.data)
    rt_object_container                      0x20000040   Data          64  object.o(.data)
    .data                                    0x20000080   Section       20  scheduler.o(.data)
    rt_scheduler_lock_nest                   0x20000082   Data           2  scheduler.o(.data)
    .data                                    0x20000094   Section       12  timer.o(.data)
    random_nr                                0x20000094   Data           4  timer.o(.data)
    rt_timer_list                            0x20000098   Data           8  timer.o(.data)
    .data                                    0x200000a0   Section       24  shell.o(.data)
    finsh_prompt_custom                      0x200000b0   Data           4  shell.o(.data)
    .bss                                     0x200000b8   Section      632  ams_thread.o(.bss)
    led_thread                               0x200000b8   Data         120  ams_thread.o(.bss)
    led_thread_stack                         0x20000130   Data         512  ams_thread.o(.bss)
    .bss                                     0x20000330   Section       88  spi.o(.bss)
    .bss                                     0x20000388   Section       68  usart.o(.bss)
    .bss                                     0x200003cc   Section    15360  board.o(.bss)
    rt_heap                                  0x200003cc   Data       15360  board.o(.bss)
    .bss                                     0x20003fcc   Section      376  idle.o(.bss)
    idle                                     0x20003fcc   Data         120  idle.o(.bss)
    rt_thread_stack                          0x20004044   Data         256  idle.o(.bss)
    .bss                                     0x20004144   Section       32  mem.o(.bss)
    heap_sem                                 0x20004144   Data          32  mem.o(.bss)
    .bss                                     0x20004164   Section      512  kservice.o(.bss)
    rt_log_buf                               0x20004164   Data         512  kservice.o(.bss)
    .bss                                     0x20004364   Section      256  scheduler.o(.bss)
    .bss                                     0x20004464   Section      513  shell.o(.bss)
    finsh_prompt                             0x20004464   Data         513  shell.o(.bss)
    STACK                                    0x20004668   Section     4096  startup_stm32f427xx.o(STACK)

    Global Symbols

    Symbol Name                              Value     Ov Type        Size  Object(Section)

    BuildAttributes$$THM_ISAv4$E$P$D$K$B$S$7EM$VFPi3$EXTD16$VFPS$VFMA$PE$A:L22UL41UL21$X:L11$S22US41US21$IEEE1$IW$USESV6$~STKCKD$USESV7$~SHL$OSPACE$EBA8$MICROLIB$REQ8$PRES8$EABIv2 0x00000000   Number         0  anon$$obj.o ABSOLUTE
    __ARM_use_no_argv                        0x00000000   Number         0  main.o ABSOLUTE
    __cpp_initialize__aeabi_                  - Undefined Weak Reference
    __cxa_finalize                            - Undefined Weak Reference
    __decompress                              - Undefined Weak Reference
    _clock_init                               - Undefined Weak Reference
    _microlib_exit                            - Undefined Weak Reference
    __Vectors_Size                           0x000001ac   Number         0  startup_stm32f427xx.o ABSOLUTE
    __Vectors                                0x08000000   Data           4  startup_stm32f427xx.o(RESET)
    __Vectors_End                            0x080001ac   Data           0  startup_stm32f427xx.o(RESET)
    __main                                   0x080001ad   Thumb Code     0  entry.o(.ARM.Collect$$$$00000000)
    _main_stk                                0x080001ad   Thumb Code     0  entry2.o(.ARM.Collect$$$$00000001)
    _main_scatterload                        0x080001b1   Thumb Code     0  entry5.o(.ARM.Collect$$$$00000004)
    __main_after_scatterload                 0x080001b5   Thumb Code     0  entry5.o(.ARM.Collect$$$$00000004)
    _main_clock                              0x080001b5   Thumb Code     0  entry7b.o(.ARM.Collect$$$$00000008)
    _main_cpp_init                           0x080001b5   Thumb Code     0  entry8b.o(.ARM.Collect$$$$0000000A)
    _main_init                               0x080001b5   Thumb Code     0  entry9a.o(.ARM.Collect$$$$0000000B)
    __rt_final_cpp                           0x080001bd   Thumb Code     0  entry10a.o(.ARM.Collect$$$$0000000D)
    __rt_final_exit                          0x080001bd   Thumb Code     0  entry11a.o(.ARM.Collect$$$$0000000F)
    Reset_Handler                            0x080001c1   Thumb Code     8  startup_stm32f427xx.o(.text)
    ADC_IRQHandler                           0x080001db   Thumb Code     0  startup_stm32f427xx.o(.text)
    CAN1_RX0_IRQHandler                      0x080001db   Thumb Code     0  startup_stm32f427xx.o(.text)
    CAN1_RX1_IRQHandler                      0x080001db   Thumb Code     0  startup_stm32f427xx.o(.text)
    CAN1_SCE_IRQHandler                      0x080001db   Thumb Code     0  startup_stm32f427xx.o(.text)
    CAN1_TX_IRQHandler                       0x080001db   Thumb Code     0  startup_stm32f427xx.o(.text)
    CAN2_RX0_IRQHandler                      0x080001db   Thumb Code     0  startup_stm32f427xx.o(.text)
    CAN2_RX1_IRQHandler                      0x080001db   Thumb Code     0  startup_stm32f427xx.o(.text)
    CAN2_SCE_IRQHandler                      0x080001db   Thumb Code     0  startup_stm32f427xx.o(.text)
    CAN2_TX_IRQHandler                       0x080001db   Thumb Code     0  startup_stm32f427xx.o(.text)
    DCMI_IRQHandler                          0x080001db   Thumb Code     0  startup_stm32f427xx.o(.text)
    DMA1_Stream0_IRQHandler                  0x080001db   Thumb Code     0  startup_stm32f427xx.o(.text)
    DMA1_Stream1_IRQHandler                  0x080001db   Thumb Code     0  startup_stm32f427xx.o(.text)
    DMA1_Stream2_IRQHandler                  0x080001db   Thumb Code     0  startup_stm32f427xx.o(.text)
    DMA1_Stream3_IRQHandler                  0x080001db   Thumb Code     0  startup_stm32f427xx.o(.text)
    DMA1_Stream4_IRQHandler                  0x080001db   Thumb Code     0  startup_stm32f427xx.o(.text)
    DMA1_Stream5_IRQHandler                  0x080001db   Thumb Code     0  startup_stm32f427xx.o(.text)
    DMA1_Stream6_IRQHandler                  0x080001db   Thumb Code     0  startup_stm32f427xx.o(.text)
    DMA1_Stream7_IRQHandler                  0x080001db   Thumb Code     0  startup_stm32f427xx.o(.text)
    DMA2D_IRQHandler                         0x080001db   Thumb Code     0  startup_stm32f427xx.o(.text)
    DMA2_Stream0_IRQHandler                  0x080001db   Thumb Code     0  startup_stm32f427xx.o(.text)
    DMA2_Stream1_IRQHandler                  0x080001db   Thumb Code     0  startup_stm32f427xx.o(.text)
    DMA2_Stream2_IRQHandler                  0x080001db   Thumb Code     0  startup_stm32f427xx.o(.text)
    DMA2_Stream3_IRQHandler                  0x080001db   Thumb Code     0  startup_stm32f427xx.o(.text)
    DMA2_Stream4_IRQHandler                  0x080001db   Thumb Code     0  startup_stm32f427xx.o(.text)
    DMA2_Stream5_IRQHandler                  0x080001db   Thumb Code     0  startup_stm32f427xx.o(.text)
    DMA2_Stream6_IRQHandler                  0x080001db   Thumb Code     0  startup_stm32f427xx.o(.text)
    DMA2_Stream7_IRQHandler                  0x080001db   Thumb Code     0  startup_stm32f427xx.o(.text)
    ETH_IRQHandler                           0x080001db   Thumb Code     0  startup_stm32f427xx.o(.text)
    ETH_WKUP_IRQHandler                      0x080001db   Thumb Code     0  startup_stm32f427xx.o(.text)
    EXTI0_IRQHandler                         0x080001db   Thumb Code     0  startup_stm32f427xx.o(.text)
    EXTI15_10_IRQHandler                     0x080001db   Thumb Code     0  startup_stm32f427xx.o(.text)
    EXTI1_IRQHandler                         0x080001db   Thumb Code     0  startup_stm32f427xx.o(.text)
    EXTI2_IRQHandler                         0x080001db   Thumb Code     0  startup_stm32f427xx.o(.text)
    EXTI3_IRQHandler                         0x080001db   Thumb Code     0  startup_stm32f427xx.o(.text)
    EXTI4_IRQHandler                         0x080001db   Thumb Code     0  startup_stm32f427xx.o(.text)
    EXTI9_5_IRQHandler                       0x080001db   Thumb Code     0  startup_stm32f427xx.o(.text)
    FLASH_IRQHandler                         0x080001db   Thumb Code     0  startup_stm32f427xx.o(.text)
    FMC_IRQHandler                           0x080001db   Thumb Code     0  startup_stm32f427xx.o(.text)
    FPU_IRQHandler                           0x080001db   Thumb Code     0  startup_stm32f427xx.o(.text)
    HASH_RNG_IRQHandler                      0x080001db   Thumb Code     0  startup_stm32f427xx.o(.text)
    I2C1_ER_IRQHandler                       0x080001db   Thumb Code     0  startup_stm32f427xx.o(.text)
    I2C1_EV_IRQHandler                       0x080001db   Thumb Code     0  startup_stm32f427xx.o(.text)
    I2C2_ER_IRQHandler                       0x080001db   Thumb Code     0  startup_stm32f427xx.o(.text)
    I2C2_EV_IRQHandler                       0x080001db   Thumb Code     0  startup_stm32f427xx.o(.text)
    I2C3_ER_IRQHandler                       0x080001db   Thumb Code     0  startup_stm32f427xx.o(.text)
    I2C3_EV_IRQHandler                       0x080001db   Thumb Code     0  startup_stm32f427xx.o(.text)
    OTG_FS_IRQHandler                        0x080001db   Thumb Code     0  startup_stm32f427xx.o(.text)
    OTG_FS_WKUP_IRQHandler                   0x080001db   Thumb Code     0  startup_stm32f427xx.o(.text)
    OTG_HS_EP1_IN_IRQHandler                 0x080001db   Thumb Code     0  startup_stm32f427xx.o(.text)
    OTG_HS_EP1_OUT_IRQHandler                0x080001db   Thumb Code     0  startup_stm32f427xx.o(.text)
    OTG_HS_IRQHandler                        0x080001db   Thumb Code     0  startup_stm32f427xx.o(.text)
    OTG_HS_WKUP_IRQHandler                   0x080001db   Thumb Code     0  startup_stm32f427xx.o(.text)
    PVD_IRQHandler                           0x080001db   Thumb Code     0  startup_stm32f427xx.o(.text)
    RCC_IRQHandler                           0x080001db   Thumb Code     0  startup_stm32f427xx.o(.text)
    RTC_Alarm_IRQHandler                     0x080001db   Thumb Code     0  startup_stm32f427xx.o(.text)
    RTC_WKUP_IRQHandler                      0x080001db   Thumb Code     0  startup_stm32f427xx.o(.text)
    SAI1_IRQHandler                          0x080001db   Thumb Code     0  startup_stm32f427xx.o(.text)
    SDIO_IRQHandler                          0x080001db   Thumb Code     0  startup_stm32f427xx.o(.text)
    SPI1_IRQHandler                          0x080001db   Thumb Code     0  startup_stm32f427xx.o(.text)
    SPI2_IRQHandler                          0x080001db   Thumb Code     0  startup_stm32f427xx.o(.text)
    SPI3_IRQHandler                          0x080001db   Thumb Code     0  startup_stm32f427xx.o(.text)
    SPI4_IRQHandler                          0x080001db   Thumb Code     0  startup_stm32f427xx.o(.text)
    SPI5_IRQHandler                          0x080001db   Thumb Code     0  startup_stm32f427xx.o(.text)
    SPI6_IRQHandler                          0x080001db   Thumb Code     0  startup_stm32f427xx.o(.text)
    TAMP_STAMP_IRQHandler                    0x080001db   Thumb Code     0  startup_stm32f427xx.o(.text)
    TIM1_BRK_TIM9_IRQHandler                 0x080001db   Thumb Code     0  startup_stm32f427xx.o(.text)
    TIM1_CC_IRQHandler                       0x080001db   Thumb Code     0  startup_stm32f427xx.o(.text)
    TIM1_TRG_COM_TIM11_IRQHandler            0x080001db   Thumb Code     0  startup_stm32f427xx.o(.text)
    TIM1_UP_TIM10_IRQHandler                 0x080001db   Thumb Code     0  startup_stm32f427xx.o(.text)
    TIM2_IRQHandler                          0x080001db   Thumb Code     0  startup_stm32f427xx.o(.text)
    TIM3_IRQHandler                          0x080001db   Thumb Code     0  startup_stm32f427xx.o(.text)
    TIM4_IRQHandler                          0x080001db   Thumb Code     0  startup_stm32f427xx.o(.text)
    TIM5_IRQHandler                          0x080001db   Thumb Code     0  startup_stm32f427xx.o(.text)
    TIM6_DAC_IRQHandler                      0x080001db   Thumb Code     0  startup_stm32f427xx.o(.text)
    TIM7_IRQHandler                          0x080001db   Thumb Code     0  startup_stm32f427xx.o(.text)
    TIM8_BRK_TIM12_IRQHandler                0x080001db   Thumb Code     0  startup_stm32f427xx.o(.text)
    TIM8_CC_IRQHandler                       0x080001db   Thumb Code     0  startup_stm32f427xx.o(.text)
    TIM8_TRG_COM_TIM14_IRQHandler            0x080001db   Thumb Code     0  startup_stm32f427xx.o(.text)
    TIM8_UP_TIM13_IRQHandler                 0x080001db   Thumb Code     0  startup_stm32f427xx.o(.text)
    UART4_IRQHandler                         0x080001db   Thumb Code     0  startup_stm32f427xx.o(.text)
    UART5_IRQHandler                         0x080001db   Thumb Code     0  startup_stm32f427xx.o(.text)
    UART7_IRQHandler                         0x080001db   Thumb Code     0  startup_stm32f427xx.o(.text)
    UART8_IRQHandler                         0x080001db   Thumb Code     0  startup_stm32f427xx.o(.text)
    USART1_IRQHandler                        0x080001db   Thumb Code     0  startup_stm32f427xx.o(.text)
    USART2_IRQHandler                        0x080001db   Thumb Code     0  startup_stm32f427xx.o(.text)
    USART3_IRQHandler                        0x080001db   Thumb Code     0  startup_stm32f427xx.o(.text)
    USART6_IRQHandler                        0x080001db   Thumb Code     0  startup_stm32f427xx.o(.text)
    WWDG_IRQHandler                          0x080001db   Thumb Code     0  startup_stm32f427xx.o(.text)
    rt_hw_interrupt_disable                  0x080001e5   Thumb Code     8  context_rvds.o(.text)
    rt_hw_interrupt_enable                   0x080001ed   Thumb Code     6  context_rvds.o(.text)
    rt_hw_context_switch                     0x080001f3   Thumb Code    32  context_rvds.o(.text)
    rt_hw_context_switch_interrupt           0x080001f3   Thumb Code     0  context_rvds.o(.text)
    PendSV_Handler                           0x08000213   Thumb Code   108  context_rvds.o(.text)
    rt_hw_context_switch_to                  0x0800027f   Thumb Code    68  context_rvds.o(.text)
    rt_hw_interrupt_thread_switch            0x080002c3   Thumb Code     2  context_rvds.o(.text)
    HardFault_Handler                        0x080002c5   Thumb Code    56  context_rvds.o(.text)
    __aeabi_uldivmod                         0x08000319   Thumb Code    98  uldiv.o(.text)
    __aeabi_memcpy                           0x0800037b   Thumb Code    36  memcpya.o(.text)
    __aeabi_memcpy4                          0x0800037b   Thumb Code     0  memcpya.o(.text)
    __aeabi_memcpy8                          0x0800037b   Thumb Code     0  memcpya.o(.text)
    __aeabi_memset                           0x0800039f   Thumb Code    14  memseta.o(.text)
    __aeabi_memset4                          0x0800039f   Thumb Code     0  memseta.o(.text)
    __aeabi_memset8                          0x0800039f   Thumb Code     0  memseta.o(.text)
    __aeabi_memclr                           0x080003ad   Thumb Code     4  memseta.o(.text)
    __aeabi_memclr4                          0x080003ad   Thumb Code     0  memseta.o(.text)
    __aeabi_memclr8                          0x080003ad   Thumb Code     0  memseta.o(.text)
    _memset$wrapper                          0x080003b1   Thumb Code    18  memseta.o(.text)
    strcat                                   0x080003c3   Thumb Code    24  strcat.o(.text)
    strncpy                                  0x080003db   Thumb Code    24  strncpy.o(.text)
    strlen                                   0x080003f3   Thumb Code    14  strlen.o(.text)
    strcpy                                   0x08000401   Thumb Code    18  strcpy.o(.text)
    strncmp                                  0x08000413   Thumb Code    30  strncmp.o(.text)
    __aeabi_llsl                             0x08000431   Thumb Code    30  llshl.o(.text)
    _ll_shift_l                              0x08000431   Thumb Code     0  llshl.o(.text)
    __aeabi_llsr                             0x0800044f   Thumb Code    32  llushr.o(.text)
    _ll_ushift_r                             0x0800044f   Thumb Code     0  llushr.o(.text)
    __scatterload                            0x08000471   Thumb Code    28  init.o(.text)
    __scatterload_rt2                        0x08000471   Thumb Code     0  init.o(.text)
    main                                     0x08000495   Thumb Code    10  components.o(i.$Sub$$main)
    BusFault_Handler                         0x0800049f   Thumb Code     2  stm32f4xx_it.o(i.BusFault_Handler)
    DebugMon_Handler                         0x080004a1   Thumb Code     2  stm32f4xx_it.o(i.DebugMon_Handler)
    Error_Handler                            0x080004a3   Thumb Code     4  main.o(i.Error_Handler)
    HAL_GPIO_Init                            0x080004a9   Thumb Code   510  stm32f4xx_hal_gpio.o(i.HAL_GPIO_Init)
    HAL_GPIO_WritePin                        0x080006dd   Thumb Code    10  stm32f4xx_hal_gpio.o(i.HAL_GPIO_WritePin)
    HAL_GetTick                              0x080006e9   Thumb Code     6  stm32f4xx_hal.o(i.HAL_GetTick)
    HAL_Init                                 0x080006f5   Thumb Code    48  stm32f4xx_hal.o(i.HAL_Init)
    HAL_InitTick                             0x08000729   Thumb Code    54  stm32f4xx_hal.o(i.HAL_InitTick)
    HAL_MspInit                              0x08000769   Thumb Code    42  stm32f4xx_hal_msp.o(i.HAL_MspInit)
    HAL_NVIC_SetPriority                     0x08000799   Thumb Code    60  stm32f4xx_hal_cortex.o(i.HAL_NVIC_SetPriority)
    HAL_NVIC_SetPriorityGrouping             0x080007d9   Thumb Code    26  stm32f4xx_hal_cortex.o(i.HAL_NVIC_SetPriorityGrouping)
    HAL_PWREx_EnableOverDrive                0x080007fd   Thumb Code    98  stm32f4xx_hal_pwr_ex.o(i.HAL_PWREx_EnableOverDrive)
    HAL_RCC_ClockConfig                      0x0800086d   Thumb Code   288  stm32f4xx_hal_rcc.o(i.HAL_RCC_ClockConfig)
    HAL_RCC_GetPCLK1Freq                     0x080009a1   Thumb Code    20  stm32f4xx_hal_rcc.o(i.HAL_RCC_GetPCLK1Freq)
    HAL_RCC_GetPCLK2Freq                     0x080009c1   Thumb Code    20  stm32f4xx_hal_rcc.o(i.HAL_RCC_GetPCLK2Freq)
    HAL_RCC_GetSysClockFreq                  0x080009e1   Thumb Code    88  stm32f4xx_hal_rcc.o(i.HAL_RCC_GetSysClockFreq)
    HAL_RCC_OscConfig                        0x08000a45   Thumb Code   856  stm32f4xx_hal_rcc.o(i.HAL_RCC_OscConfig)
    HAL_SPI_Init                             0x08000db1   Thumb Code   188  stm32f4xx_hal_spi.o(i.HAL_SPI_Init)
    HAL_SPI_MspInit                          0x08000e6d   Thumb Code    94  spi.o(i.HAL_SPI_MspInit)
    HAL_SYSTICK_Config                       0x08000ed9   Thumb Code    40  stm32f4xx_hal_cortex.o(i.HAL_SYSTICK_Config)
    HAL_UART_Init                            0x08000f01   Thumb Code    98  stm32f4xx_hal_uart.o(i.HAL_UART_Init)
    HAL_UART_MspInit                         0x08000f65   Thumb Code    94  usart.o(i.HAL_UART_MspInit)
    HAL_UART_Transmit                        0x08000fd1   Thumb Code   178  stm32f4xx_hal_uart.o(i.HAL_UART_Transmit)
    LED_OFF                                  0x08001085   Thumb Code    68  main.o(i.LED_OFF)
    LED_ON                                   0x080010d1   Thumb Code    70  main.o(i.LED_ON)
    MX_GPIO_Init                             0x08001121   Thumb Code   152  gpio.o(i.MX_GPIO_Init)
    MX_SPI4_Init                             0x080011c5   Thumb Code    54  spi.o(i.MX_SPI4_Init)
    MX_UART7_Init                            0x08001205   Thumb Code    48  usart.o(i.MX_UART7_Init)
    MemManage_Handler                        0x0800123d   Thumb Code     2  stm32f4xx_it.o(i.MemManage_Handler)
    NMI_Handler                              0x0800123f   Thumb Code     2  stm32f4xx_it.o(i.NMI_Handler)
    SVC_Handler                              0x08001241   Thumb Code     2  stm32f4xx_it.o(i.SVC_Handler)
    SysTick_Handler                          0x08001243   Thumb Code     4  board.o(i.SysTick_Handler)
    SystemClock_Config                       0x08001249   Thumb Code   150  main.o(i.SystemClock_Config)
    SystemCoreClockUpdate                    0x080012e9   Thumb Code   104  system_stm32f4xx.o(i.SystemCoreClockUpdate)
    SystemInit                               0x08001365   Thumb Code    12  system_stm32f4xx.o(i.SystemInit)
    UsageFault_Handler                       0x080014f9   Thumb Code     2  stm32f4xx_it.o(i.UsageFault_Handler)
    __rt_ffs                                 0x0800151d   Thumb Code    64  kservice.o(i.__rt_ffs)
    __scatterload_copy                       0x08001561   Thumb Code    14  handlers.o(i.__scatterload_copy)
    __scatterload_null                       0x0800156f   Thumb Code     2  handlers.o(i.__scatterload_null)
    __scatterload_zeroinit                   0x08001571   Thumb Code    14  handlers.o(i.__scatterload_zeroinit)
    ams_thread_init                          0x080016dd   Thumb Code    40  ams_thread.o(i.ams_thread_init)
    cmd_free                                 0x08001801   Thumb Code    10  msh.o(i.cmd_free)
    cmd_ps                                   0x0800180b   Thumb Code    10  msh.o(i.cmd_ps)
    finsh_get_prompt                         0x08001815   Thumb Code    68  shell.o(i.finsh_get_prompt)
    finsh_set_prompt_mode                    0x08001875   Thumb Code    16  shell.o(i.finsh_set_prompt_mode)
    finsh_system_function_init               0x08001889   Thumb Code     8  shell.o(i.finsh_system_function_init)
    finsh_system_init                        0x08001895   Thumb Code    90  shell.o(i.finsh_system_init)
    finsh_thread_entry                       0x08001929   Thumb Code   612  shell.o(i.finsh_thread_entry)
    hello                                    0x08001c2d   Thumb Code    12  cmd.o(i.hello)
    led_thread_entry                         0x08001c4d   Thumb Code    62  ams_thread.o(i.led_thread_entry)
    list                                     0x08001c8d   Thumb Code    50  cmd.o(i.list)
    list_mailbox                             0x08001d7d   Thumb Code   200  cmd.o(i.list_mailbox)
    list_mem                                 0x08001ec1   Thumb Code    32  mem.o(i.list_mem)
    list_sem                                 0x08001f2d   Thumb Code   188  cmd.o(i.list_sem)
    list_thread                              0x08002049   Thumb Code   250  cmd.o(i.list_thread)
    list_timer                               0x08002201   Thumb Code   160  cmd.o(i.list_timer)
    $Super$$main                             0x08002341   Thumb Code    58  main.o(i.main)
    main_thread_entry                        0x08002391   Thumb Code    14  components.o(i.main_thread_entry)
    msh_auto_complete                        0x08002479   Thumb Code   150  msh.o(i.msh_auto_complete)
    msh_exec                                 0x08002525   Thumb Code    74  msh.o(i.msh_exec)
    msh_help                                 0x08002589   Thumb Code    58  msh.o(i.msh_help)
    msh_is_used                              0x08002601   Thumb Code     4  msh.o(i.msh_is_used)
    rt_application_init                      0x08002871   Thumb Code    32  components.o(i.rt_application_init)
    rt_calloc                                0x0800289d   Thumb Code    26  mem.o(i.rt_calloc)
    rt_components_board_init                 0x080028b9   Thumb Code    20  components.o(i.rt_components_board_init)
    rt_components_init                       0x080028d5   Thumb Code    20  components.o(i.rt_components_init)
    rt_enter_critical                        0x080028f1   Thumb Code    22  scheduler.o(i.rt_enter_critical)
    rt_exit_critical                         0x0800290d   Thumb Code    52  scheduler.o(i.rt_exit_critical)
    rt_free                                  0x08002945   Thumb Code   112  mem.o(i.rt_free)
    rt_heap_begin_get                        0x08002a09   Thumb Code     4  board.o(i.rt_heap_begin_get)
    rt_heap_end_get                          0x08002a11   Thumb Code     4  board.o(i.rt_heap_end_get)
    rt_hw_board_init                         0x08002a19   Thumb Code    84  board.o(i.rt_hw_board_init)
    rt_hw_console_getchar                    0x08002a75   Thumb Code    48  finsh_port.o(i.rt_hw_console_getchar)
    rt_hw_console_output                     0x08002aa9   Thumb Code    66  board.o(i.rt_hw_console_output)
    rt_hw_hard_fault_exception               0x08002af1   Thumb Code   198  cpuport.o(i.rt_hw_hard_fault_exception)
    rt_hw_stack_init                         0x08002d09   Thumb Code    54  cpuport.o(i.rt_hw_stack_init)
    rt_interrupt_enter                       0x08002d45   Thumb Code    22  irq.o(i.rt_interrupt_enter)
    rt_interrupt_leave                       0x08002d61   Thumb Code    22  irq.o(i.rt_interrupt_leave)
    rt_kprintf                               0x08002dd1   Thumb Code    30  kservice.o(i.rt_kprintf)
    rt_malloc                                0x08002e75   Thumb Code   232  mem.o(i.rt_malloc)
    rt_memmove                               0x08002f65   Thumb Code    50  kservice.o(i.rt_memmove)
    rt_memset                                0x08002f99   Thumb Code    70  kservice.o(i.rt_memset)
    rt_object_allocate                       0x08002fdf   Thumb Code    80  object.o(i.rt_object_allocate)
    rt_object_delete                         0x0800302f   Thumb Code    38  object.o(i.rt_object_delete)
    rt_object_detach                         0x08003055   Thumb Code    32  object.o(i.rt_object_detach)
    rt_object_get_information                0x08003075   Thumb Code    30  object.o(i.rt_object_get_information)
    rt_object_init                           0x08003099   Thumb Code    80  object.o(i.rt_object_init)
    rt_object_is_systemobject                0x080030e9   Thumb Code    14  object.o(i.rt_object_is_systemobject)
    rt_os_tick_callback                      0x080030f7   Thumb Code    18  board.o(i.rt_os_tick_callback)
    rt_schedule                              0x08003109   Thumb Code    76  scheduler.o(i.rt_schedule)
    rt_schedule_insert_thread                0x08003161   Thumb Code    70  scheduler.o(i.rt_schedule_insert_thread)
    rt_schedule_remove_thread                0x080031b1   Thumb Code    64  scheduler.o(i.rt_schedule_remove_thread)
    rt_sem_init                              0x080031f9   Thumb Code    36  ipc.o(i.rt_sem_init)
    rt_sem_release                           0x0800321d   Thumb Code    74  ipc.o(i.rt_sem_release)
    rt_sem_take                              0x08003267   Thumb Code   110  ipc.o(i.rt_sem_take)
    rt_show_version                          0x080032d5   Thumb Code    40  kservice.o(i.rt_show_version)
    rt_strlen                                0x08003385   Thumb Code    16  kservice.o(i.rt_strlen)
    rt_strncpy                               0x08003395   Thumb Code    38  kservice.o(i.rt_strncpy)
    rt_system_heap_init                      0x080033bd   Thumb Code    96  mem.o(i.rt_system_heap_init)
    rt_system_scheduler_init                 0x08003469   Thumb Code    44  scheduler.o(i.rt_system_scheduler_init)
    rt_system_scheduler_start                0x0800349d   Thumb Code    32  scheduler.o(i.rt_system_scheduler_start)
    rt_system_timer_init                     0x080034c5   Thumb Code     8  timer.o(i.rt_system_timer_init)
    rt_system_timer_thread_init              0x080034d1   Thumb Code     2  timer.o(i.rt_system_timer_thread_init)
    rt_thread_create                         0x080034d3   Thumb Code    72  thread.o(i.rt_thread_create)
    rt_thread_exit                           0x0800351d   Thumb Code    82  thread.o(i.rt_thread_exit)
    rt_thread_idle_excute                    0x08003581   Thumb Code    70  idle.o(i.rt_thread_idle_excute)
    rt_thread_idle_init                      0x080035cd   Thumb Code    40  idle.o(i.rt_thread_idle_init)
    rt_thread_init                           0x08003605   Thumb Code    48  thread.o(i.rt_thread_init)
    rt_thread_mdelay                         0x08003635   Thumb Code    14  thread.o(i.rt_thread_mdelay)
    rt_thread_resume                         0x08003643   Thumb Code    60  thread.o(i.rt_thread_resume)
    rt_thread_self                           0x08003681   Thumb Code     6  thread.o(i.rt_thread_self)
    rt_thread_sleep                          0x0800368d   Thumb Code    60  thread.o(i.rt_thread_sleep)
    rt_thread_startup                        0x080036cd   Thumb Code    40  thread.o(i.rt_thread_startup)
    rt_thread_suspend                        0x080036f9   Thumb Code    66  thread.o(i.rt_thread_suspend)
    rt_thread_timeout                        0x0800373b   Thumb Code    32  thread.o(i.rt_thread_timeout)
    rt_thread_yield                          0x0800375d   Thumb Code    86  thread.o(i.rt_thread_yield)
    rt_tick_from_millisecond                 0x080037bd   Thumb Code    50  clock.o(i.rt_tick_from_millisecond)
    rt_tick_get                              0x080037f1   Thumb Code     6  clock.o(i.rt_tick_get)
    rt_tick_increase                         0x080037fd   Thumb Code    38  clock.o(i.rt_tick_increase)
    rt_timer_check                           0x08003829   Thumb Code   136  timer.o(i.rt_timer_check)
    rt_timer_control                         0x080038b5   Thumb Code    72  timer.o(i.rt_timer_control)
    rt_timer_detach                          0x080038fd   Thumb Code    40  timer.o(i.rt_timer_detach)
    rt_timer_init                            0x08003925   Thumb Code    40  timer.o(i.rt_timer_init)
    rt_timer_start                           0x0800394d   Thumb Code   126  timer.o(i.rt_timer_start)
    rt_timer_stop                            0x080039d1   Thumb Code    46  timer.o(i.rt_timer_stop)
    rt_vsnprintf                             0x08003a01   Thumb Code   634  kservice.o(i.rt_vsnprintf)
    rtthread_startup                         0x08003c95   Thumb Code    42  components.o(i.rtthread_startup)
    version                                  0x08003df5   Thumb Code    10  cmd.o(i.version)
    AHBPrescTable                            0x08003dfe   Data          16  system_stm32f4xx.o(.constdata)
    APBPrescTable                            0x08003e0e   Data           8  system_stm32f4xx.o(.constdata)
    __lowest_bit_bitmap                      0x08003e16   Data         256  kservice.o(.constdata)
    __fsym_list_mem_name                     0x08003f7c   Data           9  mem.o(.rodata.name)
    __fsym_list_mem_desc                     0x08003f85   Data          30  mem.o(.rodata.name)
    __fsym_hello_name                        0x08003fa3   Data           6  cmd.o(.rodata.name)
    __fsym_hello_desc                        0x08003fa9   Data          16  cmd.o(.rodata.name)
    __fsym_version_name                      0x08003fb9   Data           8  cmd.o(.rodata.name)
    __fsym_version_desc                      0x08003fc1   Data          35  cmd.o(.rodata.name)
    __fsym___cmd_version_name                0x08003fe4   Data          14  cmd.o(.rodata.name)
    __fsym___cmd_version_desc                0x08003ff2   Data          35  cmd.o(.rodata.name)
    __fsym_list_thread_name                  0x08004015   Data          12  cmd.o(.rodata.name)
    __fsym_list_thread_desc                  0x08004021   Data          12  cmd.o(.rodata.name)
    __fsym___cmd_list_thread_name            0x0800402d   Data          18  cmd.o(.rodata.name)
    __fsym___cmd_list_thread_desc            0x0800403f   Data          12  cmd.o(.rodata.name)
    __fsym_list_sem_name                     0x0800404b   Data           9  cmd.o(.rodata.name)
    __fsym_list_sem_desc                     0x08004054   Data          25  cmd.o(.rodata.name)
    __fsym___cmd_list_sem_name               0x0800406d   Data          15  cmd.o(.rodata.name)
    __fsym___cmd_list_sem_desc               0x0800407c   Data          25  cmd.o(.rodata.name)
    __fsym_list_mailbox_name                 0x08004095   Data          13  cmd.o(.rodata.name)
    __fsym_list_mailbox_desc                 0x080040a2   Data          24  cmd.o(.rodata.name)
    __fsym___cmd_list_mailbox_name           0x080040ba   Data          19  cmd.o(.rodata.name)
    __fsym___cmd_list_mailbox_desc           0x080040cd   Data          24  cmd.o(.rodata.name)
    __fsym_list_timer_name                   0x080040e5   Data          11  cmd.o(.rodata.name)
    __fsym_list_timer_desc                   0x080040f0   Data          21  cmd.o(.rodata.name)
    __fsym___cmd_list_timer_name             0x08004105   Data          17  cmd.o(.rodata.name)
    __fsym___cmd_list_timer_desc             0x08004116   Data          21  cmd.o(.rodata.name)
    __fsym_list_name                         0x0800412b   Data           5  cmd.o(.rodata.name)
    __fsym_list_desc                         0x08004130   Data          26  cmd.o(.rodata.name)
    __fsym___cmd_help_name                   0x0800414a   Data          11  msh.o(.rodata.name)
    __fsym___cmd_help_desc                   0x08004155   Data          22  msh.o(.rodata.name)
    __fsym___cmd_ps_name                     0x0800416b   Data           9  msh.o(.rodata.name)
    __fsym___cmd_ps_desc                     0x08004174   Data          28  msh.o(.rodata.name)
    __fsym___cmd_free_name                   0x08004190   Data          11  msh.o(.rodata.name)
    __fsym___cmd_free_desc                   0x0800419b   Data          37  msh.o(.rodata.name)
    __rt_init_rti_start                      0x080041c0   Data           4  components.o(.rti_fn.0)
    __rt_init_rti_board_start                0x080041c4   Data           4  components.o(.rti_fn.0.end)
    __rt_init_uart_init                      0x080041c8   Data           4  board.o(.rti_fn.1)
    __rt_init_rti_board_end                  0x080041cc   Data           4  components.o(.rti_fn.1.end)
    __rt_init_finsh_system_init              0x080041d0   Data           4  shell.o(.rti_fn.6)
    __rt_init_rti_end                        0x080041d4   Data           4  components.o(.rti_fn.6.end)
    FSymTab$$Base                            0x080041d8   Number         0  mem.o(FSymTab)
    __fsym_list_mem                          0x080041d8   Data          12  mem.o(FSymTab)
    __fsym_hello                             0x080041e4   Data          12  cmd.o(FSymTab)
    __fsym_version                           0x080041f0   Data          12  cmd.o(FSymTab)
    __fsym___cmd_version                     0x080041fc   Data          12  cmd.o(FSymTab)
    __fsym_list_thread                       0x08004208   Data          12  cmd.o(FSymTab)
    __fsym___cmd_list_thread                 0x08004214   Data          12  cmd.o(FSymTab)
    __fsym_list_sem                          0x08004220   Data          12  cmd.o(FSymTab)
    __fsym___cmd_list_sem                    0x0800422c   Data          12  cmd.o(FSymTab)
    __fsym_list_mailbox                      0x08004238   Data          12  cmd.o(FSymTab)
    __fsym___cmd_list_mailbox                0x08004244   Data          12  cmd.o(FSymTab)
    __fsym_list_timer                        0x08004250   Data          12  cmd.o(FSymTab)
    __fsym___cmd_list_timer                  0x0800425c   Data          12  cmd.o(FSymTab)
    __fsym_list                              0x08004268   Data          12  cmd.o(FSymTab)
    __fsym___cmd_help                        0x08004274   Data          12  msh.o(FSymTab)
    __fsym___cmd_ps                          0x08004280   Data          12  msh.o(FSymTab)
    __fsym___cmd_free                        0x0800428c   Data          12  msh.o(FSymTab)
    FSymTab$$Limit                           0x08004298   Number         0  msh.o(FSymTab)
    Region$$Table$$Base                      0x08004298   Number         0  anon$$obj.o(Region$$Table)
    Region$$Table$$Limit                     0x080042b8   Number         0  anon$$obj.o(Region$$Table)
    uwTickFreq                               0x20000000   Data           1  stm32f4xx_hal.o(.data)
    uwTickPrio                               0x20000004   Data           4  stm32f4xx_hal.o(.data)
    uwTick                                   0x20000008   Data           4  stm32f4xx_hal.o(.data)
    SystemCoreClock                          0x2000000c   Data           4  system_stm32f4xx.o(.data)
    rt_interrupt_from_thread                 0x20000018   Data           4  cpuport.o(.data)
    rt_interrupt_to_thread                   0x2000001c   Data           4  cpuport.o(.data)
    rt_thread_switch_interrupt_flag          0x20000020   Data           4  cpuport.o(.data)
    rt_interrupt_nest                        0x20000024   Data           1  irq.o(.data)
    rt_current_priority                      0x20000080   Data           1  scheduler.o(.data)
    rt_current_thread                        0x20000084   Data           4  scheduler.o(.data)
    rt_thread_ready_priority_group           0x20000088   Data           4  scheduler.o(.data)
    rt_thread_defunct                        0x2000008c   Data           8  scheduler.o(.data)
    _syscall_table_begin                     0x200000a0   Data           4  shell.o(.data)
    _syscall_table_end                       0x200000a4   Data           4  shell.o(.data)
    _sysvar_table_begin                      0x200000a8   Data           4  shell.o(.data)
    _sysvar_table_end                        0x200000ac   Data           4  shell.o(.data)
    shell                                    0x200000b4   Data           4  shell.o(.data)
    hspi4                                    0x20000330   Data          88  spi.o(.bss)
    huart7                                   0x20000388   Data          68  usart.o(.bss)
    rt_thread_priority_table                 0x20004364   Data         256  scheduler.o(.bss)
    __initial_sp                             0x20005668   Data           0  startup_stm32f427xx.o(STACK)



==============================================================================

Memory Map of the image

  Image Entry point : 0x080001ad

  Load Region LR_IROM1 (Base: 0x08000000, Size: 0x00004370, Max: 0x00200000, ABSOLUTE)

    Execution Region ER_IROM1 (Exec base: 0x08000000, Load base: 0x08000000, Size: 0x000042b8, Max: 0x00200000, ABSOLUTE)

    Exec Addr    Load Addr    Size         Type   Attr      Idx    E Section Name        Object

    0x08000000   0x08000000   0x000001ac   Data   RO            3    RESET               startup_stm32f427xx.o
    0x080001ac   0x080001ac   0x00000000   Code   RO         3722  * .ARM.Collect$$$$00000000  mc_w.l(entry.o)
    0x080001ac   0x080001ac   0x00000004   Code   RO         3743    .ARM.Collect$$$$00000001  mc_w.l(entry2.o)
    0x080001b0   0x080001b0   0x00000004   Code   RO         3746    .ARM.Collect$$$$00000004  mc_w.l(entry5.o)
    0x080001b4   0x080001b4   0x00000000   Code   RO         3748    .ARM.Collect$$$$00000008  mc_w.l(entry7b.o)
    0x080001b4   0x080001b4   0x00000000   Code   RO         3750    .ARM.Collect$$$$0000000A  mc_w.l(entry8b.o)
    0x080001b4   0x080001b4   0x00000008   Code   RO         3751    .ARM.Collect$$$$0000000B  mc_w.l(entry9a.o)
    0x080001bc   0x080001bc   0x00000000   Code   RO         3753    .ARM.Collect$$$$0000000D  mc_w.l(entry10a.o)
    0x080001bc   0x080001bc   0x00000000   Code   RO         3755    .ARM.Collect$$$$0000000F  mc_w.l(entry11a.o)
    0x080001bc   0x080001bc   0x00000004   Code   RO         3744    .ARM.Collect$$$$00002712  mc_w.l(entry2.o)
    0x080001c0   0x080001c0   0x00000024   Code   RO            4    .text               startup_stm32f427xx.o
    0x080001e4   0x080001e4   0x00000134   Code   RO         2554    .text               context_rvds.o
    0x08000318   0x08000318   0x00000062   Code   RO         3725    .text               mc_w.l(uldiv.o)
    0x0800037a   0x0800037a   0x00000024   Code   RO         3727    .text               mc_w.l(memcpya.o)
    0x0800039e   0x0800039e   0x00000024   Code   RO         3729    .text               mc_w.l(memseta.o)
    0x080003c2   0x080003c2   0x00000018   Code   RO         3731    .text               mc_w.l(strcat.o)
    0x080003da   0x080003da   0x00000018   Code   RO         3733    .text               mc_w.l(strncpy.o)
    0x080003f2   0x080003f2   0x0000000e   Code   RO         3735    .text               mc_w.l(strlen.o)
    0x08000400   0x08000400   0x00000012   Code   RO         3737    .text               mc_w.l(strcpy.o)
    0x08000412   0x08000412   0x0000001e   Code   RO         3739    .text               mc_w.l(strncmp.o)
    0x08000430   0x08000430   0x0000001e   Code   RO         3757    .text               mc_w.l(llshl.o)
    0x0800044e   0x0800044e   0x00000020   Code   RO         3759    .text               mc_w.l(llushr.o)
    0x0800046e   0x0800046e   0x00000002   PAD
    0x08000470   0x08000470   0x00000024   Code   RO         3761    .text               mc_w.l(init.o)
    0x08000494   0x08000494   0x0000000a   Code   RO         2487    i.$Sub$$main        components.o
    0x0800049e   0x0800049e   0x00000002   Code   RO          334    i.BusFault_Handler  stm32f4xx_it.o
    0x080004a0   0x080004a0   0x00000002   Code   RO          335    i.DebugMon_Handler  stm32f4xx_it.o
    0x080004a2   0x080004a2   0x00000004   Code   RO           13    i.Error_Handler     main.o
    0x080004a6   0x080004a6   0x00000002   PAD
    0x080004a8   0x080004a8   0x00000234   Code   RO         1144    i.HAL_GPIO_Init     stm32f4xx_hal_gpio.o
    0x080006dc   0x080006dc   0x0000000a   Code   RO         1148    i.HAL_GPIO_WritePin  stm32f4xx_hal_gpio.o
    0x080006e6   0x080006e6   0x00000002   PAD
    0x080006e8   0x080006e8   0x0000000c   Code   RO         1696    i.HAL_GetTick       stm32f4xx_hal.o
    0x080006f4   0x080006f4   0x00000034   Code   RO         1703    i.HAL_Init          stm32f4xx_hal.o
    0x08000728   0x08000728   0x00000040   Code   RO         1704    i.HAL_InitTick      stm32f4xx_hal.o
    0x08000768   0x08000768   0x00000030   Code   RO          391    i.HAL_MspInit       stm32f4xx_hal_msp.o
    0x08000798   0x08000798   0x00000040   Code   RO         1557    i.HAL_NVIC_SetPriority  stm32f4xx_hal_cortex.o
    0x080007d8   0x080007d8   0x00000024   Code   RO         1558    i.HAL_NVIC_SetPriorityGrouping  stm32f4xx_hal_cortex.o
    0x080007fc   0x080007fc   0x00000070   Code   RO         1480    i.HAL_PWREx_EnableOverDrive  stm32f4xx_hal_pwr_ex.o
    0x0800086c   0x0800086c   0x00000134   Code   RO          738    i.HAL_RCC_ClockConfig  stm32f4xx_hal_rcc.o
    0x080009a0   0x080009a0   0x00000020   Code   RO          745    i.HAL_RCC_GetPCLK1Freq  stm32f4xx_hal_rcc.o
    0x080009c0   0x080009c0   0x00000020   Code   RO          746    i.HAL_RCC_GetPCLK2Freq  stm32f4xx_hal_rcc.o
    0x080009e0   0x080009e0   0x00000064   Code   RO          747    i.HAL_RCC_GetSysClockFreq  stm32f4xx_hal_rcc.o
    0x08000a44   0x08000a44   0x0000036c   Code   RO          750    i.HAL_RCC_OscConfig  stm32f4xx_hal_rcc.o
    0x08000db0   0x08000db0   0x000000bc   Code   RO          426    i.HAL_SPI_Init      stm32f4xx_hal_spi.o
    0x08000e6c   0x08000e6c   0x0000006c   Code   RO          251    i.HAL_SPI_MspInit   spi.o
    0x08000ed8   0x08000ed8   0x00000028   Code   RO         1562    i.HAL_SYSTICK_Config  stm32f4xx_hal_cortex.o
    0x08000f00   0x08000f00   0x00000062   Code   RO         2016    i.HAL_UART_Init     stm32f4xx_hal_uart.o
    0x08000f62   0x08000f62   0x00000002   PAD
    0x08000f64   0x08000f64   0x0000006c   Code   RO          293    i.HAL_UART_MspInit  usart.o
    0x08000fd0   0x08000fd0   0x000000b2   Code   RO         2024    i.HAL_UART_Transmit  stm32f4xx_hal_uart.o
    0x08001082   0x08001082   0x00000002   PAD
    0x08001084   0x08001084   0x0000004c   Code   RO           14    i.LED_OFF           main.o
    0x080010d0   0x080010d0   0x00000050   Code   RO           15    i.LED_ON            main.o
    0x08001120   0x08001120   0x000000a4   Code   RO          226    i.MX_GPIO_Init      gpio.o
    0x080011c4   0x080011c4   0x00000040   Code   RO          252    i.MX_SPI4_Init      spi.o
    0x08001204   0x08001204   0x00000038   Code   RO          294    i.MX_UART7_Init     usart.o
    0x0800123c   0x0800123c   0x00000002   Code   RO          336    i.MemManage_Handler  stm32f4xx_it.o
    0x0800123e   0x0800123e   0x00000002   Code   RO          337    i.NMI_Handler       stm32f4xx_it.o
    0x08001240   0x08001240   0x00000002   Code   RO          338    i.SVC_Handler       stm32f4xx_it.o
    0x08001242   0x08001242   0x00000004   Code   RO         2382    i.SysTick_Handler   board.o
    0x08001246   0x08001246   0x00000002   PAD
    0x08001248   0x08001248   0x000000a0   Code   RO           16    i.SystemClock_Config  main.o
    0x080012e8   0x080012e8   0x0000007c   Code   RO         2344    i.SystemCoreClockUpdate  system_stm32f4xx.o
    0x08001364   0x08001364   0x00000010   Code   RO         2345    i.SystemInit        system_stm32f4xx.o
    0x08001374   0x08001374   0x0000010c   Code   RO         2042    i.UART_SetConfig    stm32f4xx_hal_uart.o
    0x08001480   0x08001480   0x00000078   Code   RO         2045    i.UART_WaitOnFlagUntilTimeout  stm32f4xx_hal_uart.o
    0x080014f8   0x080014f8   0x00000002   Code   RO          339    i.UsageFault_Handler  stm32f4xx_it.o
    0x080014fa   0x080014fa   0x00000020   Code   RO         1564    i.__NVIC_SetPriority  stm32f4xx_hal_cortex.o
    0x0800151a   0x0800151a   0x00000002   PAD
    0x0800151c   0x0800151c   0x00000044   Code   RO         2900    i.__rt_ffs          kservice.o
    0x08001560   0x08001560   0x0000000e   Code   RO         3765    i.__scatterload_copy  mc_w.l(handlers.o)
    0x0800156e   0x0800156e   0x00000002   Code   RO         3766    i.__scatterload_null  mc_w.l(handlers.o)
    0x08001570   0x08001570   0x0000000e   Code   RO         3767    i.__scatterload_zeroinit  mc_w.l(handlers.o)
    0x0800157e   0x0800157e   0x00000002   PAD
    0x08001580   0x08001580   0x0000009c   Code   RO         3578    i._msh_exec_cmd     msh.o
    0x0800161c   0x0800161c   0x00000080   Code   RO         3223    i._rt_thread_init   thread.o
    0x0800169c   0x0800169c   0x0000001c   Code   RO         3353    i._rt_timer_init    timer.o
    0x080016b8   0x080016b8   0x00000006   Code   RO         3354    i._rt_timer_remove  timer.o
    0x080016be   0x080016be   0x0000001c   Code   RO         3224    i._thread_cleanup_execute  thread.o
    0x080016da   0x080016da   0x00000002   PAD
    0x080016dc   0x080016dc   0x0000003c   Code   RO          194    i.ams_thread_init   ams_thread.o
    0x08001718   0x08001718   0x000000e8   Code   RO         2567    i.bus_fault_track   cpuport.o
    0x08001800   0x08001800   0x0000000a   Code   RO         3579    i.cmd_free          msh.o
    0x0800180a   0x0800180a   0x0000000a   Code   RO         3580    i.cmd_ps            msh.o
    0x08001814   0x08001814   0x00000060   Code   RO         3646    i.finsh_get_prompt  shell.o
    0x08001874   0x08001874   0x00000014   Code   RO         3650    i.finsh_set_prompt_mode  shell.o
    0x08001888   0x08001888   0x0000000c   Code   RO         3651    i.finsh_system_function_init  shell.o
    0x08001894   0x08001894   0x00000094   Code   RO         3652    i.finsh_system_init  shell.o
    0x08001928   0x08001928   0x0000028c   Code   RO         3654    i.finsh_thread_entry  shell.o
    0x08001bb4   0x08001bb4   0x00000078   Code   RO         2568    i.hard_fault_track  cpuport.o
    0x08001c2c   0x08001c2c   0x00000020   Code   RO         3450    i.hello             cmd.o
    0x08001c4c   0x08001c4c   0x0000003e   Code   RO          195    i.led_thread_entry  ams_thread.o
    0x08001c8a   0x08001c8a   0x00000002   PAD
    0x08001c8c   0x08001c8c   0x00000064   Code   RO         3451    i.list              cmd.o
    0x08001cf0   0x08001cf0   0x00000024   Code   RO         3452    i.list_find_init    cmd.o
    0x08001d14   0x08001d14   0x00000066   Code   RO         3453    i.list_get_next     cmd.o
    0x08001d7a   0x08001d7a   0x00000002   PAD
    0x08001d7c   0x08001d7c   0x00000144   Code   RO         3454    i.list_mailbox      cmd.o
    0x08001ec0   0x08001ec0   0x0000006c   Code   RO         2811    i.list_mem          mem.o
    0x08001f2c   0x08001f2c   0x0000011c   Code   RO         3455    i.list_sem          cmd.o
    0x08002048   0x08002048   0x000001b8   Code   RO         3456    i.list_thread       cmd.o
    0x08002200   0x08002200   0x00000140   Code   RO         3457    i.list_timer        cmd.o
    0x08002340   0x08002340   0x00000050   Code   RO           17    i.main              main.o
    0x08002390   0x08002390   0x0000000e   Code   RO         2488    i.main_thread_entry  components.o
    0x0800239e   0x0800239e   0x00000002   PAD
    0x080023a0   0x080023a0   0x000000d8   Code   RO         2569    i.mem_manage_fault_track  cpuport.o
    0x08002478   0x08002478   0x000000ac   Code   RO         3581    i.msh_auto_complete  msh.o
    0x08002524   0x08002524   0x00000064   Code   RO         3582    i.msh_exec          msh.o
    0x08002588   0x08002588   0x00000078   Code   RO         3583    i.msh_help          msh.o
    0x08002600   0x08002600   0x00000004   Code   RO         3584    i.msh_is_used       msh.o
    0x08002604   0x08002604   0x000000d0   Code   RO         3585    i.msh_split         msh.o
    0x080026d4   0x080026d4   0x00000018   Code   RO         3458    i.object_split      cmd.o
    0x080026ec   0x080026ec   0x00000054   Code   RO         2812    i.plug_holes        mem.o
    0x08002740   0x08002740   0x00000130   Code   RO         2902    i.print_number      kservice.o
    0x08002870   0x08002870   0x0000002c   Code   RO         2489    i.rt_application_init  components.o
    0x0800289c   0x0800289c   0x0000001a   Code   RO         2813    i.rt_calloc         mem.o
    0x080028b6   0x080028b6   0x00000002   PAD
    0x080028b8   0x080028b8   0x0000001c   Code   RO         2490    i.rt_components_board_init  components.o
    0x080028d4   0x080028d4   0x0000001c   Code   RO         2491    i.rt_components_init  components.o
    0x080028f0   0x080028f0   0x0000001c   Code   RO         3162    i.rt_enter_critical  scheduler.o
    0x0800290c   0x0800290c   0x00000038   Code   RO         3163    i.rt_exit_critical  scheduler.o
    0x08002944   0x08002944   0x000000c4   Code   RO         2814    i.rt_free           mem.o
    0x08002a08   0x08002a08   0x00000008   Code   RO         2383    i.rt_heap_begin_get  board.o
    0x08002a10   0x08002a10   0x00000008   Code   RO         2384    i.rt_heap_end_get   board.o
    0x08002a18   0x08002a18   0x0000005c   Code   RO         2385    i.rt_hw_board_init  board.o
    0x08002a74   0x08002a74   0x00000034   Code   RO         3557    i.rt_hw_console_getchar  finsh_port.o
    0x08002aa8   0x08002aa8   0x00000048   Code   RO         2386    i.rt_hw_console_output  board.o
    0x08002af0   0x08002af0   0x00000218   Code   RO         2573    i.rt_hw_hard_fault_exception  cpuport.o
    0x08002d08   0x08002d08   0x0000003c   Code   RO         2574    i.rt_hw_stack_init  cpuport.o
    0x08002d44   0x08002d44   0x0000001c   Code   RO         2784    i.rt_interrupt_enter  irq.o
    0x08002d60   0x08002d60   0x0000001c   Code   RO         2786    i.rt_interrupt_leave  irq.o
    0x08002d7c   0x08002d7c   0x00000052   Code   RO         2665    i.rt_ipc_list_suspend  ipc.o
    0x08002dce   0x08002dce   0x00000002   PAD
    0x08002dd0   0x08002dd0   0x00000024   Code   RO         2906    i.rt_kprintf        kservice.o
    0x08002df4   0x08002df4   0x0000000e   Code   RO         3074    i.rt_list_insert_after  object.o
    0x08002e02   0x08002e02   0x0000000e   Code   RO         3225    i.rt_list_insert_after  thread.o
    0x08002e10   0x08002e10   0x0000000e   Code   RO         3355    i.rt_list_insert_after  timer.o
    0x08002e1e   0x08002e1e   0x0000000e   Code   RO         2666    i.rt_list_insert_before  ipc.o
    0x08002e2c   0x08002e2c   0x00000012   Code   RO         3459    i.rt_list_len       cmd.o
    0x08002e3e   0x08002e3e   0x00000012   Code   RO         3075    i.rt_list_remove    object.o
    0x08002e50   0x08002e50   0x00000012   Code   RO         3226    i.rt_list_remove    thread.o
    0x08002e62   0x08002e62   0x00000012   Code   RO         3356    i.rt_list_remove    timer.o
    0x08002e74   0x08002e74   0x000000f0   Code   RO         2815    i.rt_malloc         mem.o
    0x08002f64   0x08002f64   0x00000032   Code   RO         2911    i.rt_memmove        kservice.o
    0x08002f96   0x08002f96   0x00000002   PAD
    0x08002f98   0x08002f98   0x00000046   Code   RO         2912    i.rt_memset         kservice.o
    0x08002fde   0x08002fde   0x00000050   Code   RO         3076    i.rt_object_allocate  object.o
    0x0800302e   0x0800302e   0x00000026   Code   RO         3077    i.rt_object_delete  object.o
    0x08003054   0x08003054   0x00000020   Code   RO         3078    i.rt_object_detach  object.o
    0x08003074   0x08003074   0x00000024   Code   RO         3080    i.rt_object_get_information  object.o
    0x08003098   0x08003098   0x00000050   Code   RO         3084    i.rt_object_init    object.o
    0x080030e8   0x080030e8   0x0000000e   Code   RO         3085    i.rt_object_is_systemobject  object.o
    0x080030f6   0x080030f6   0x00000012   Code   RO         2387    i.rt_os_tick_callback  board.o
    0x08003108   0x08003108   0x00000058   Code   RO         3164    i.rt_schedule       scheduler.o
    0x08003160   0x08003160   0x00000050   Code   RO         3165    i.rt_schedule_insert_thread  scheduler.o
    0x080031b0   0x080031b0   0x00000048   Code   RO         3166    i.rt_schedule_remove_thread  scheduler.o
    0x080031f8   0x080031f8   0x00000024   Code   RO         2679    i.rt_sem_init       ipc.o
    0x0800321c   0x0800321c   0x0000004a   Code   RO         2680    i.rt_sem_release    ipc.o
    0x08003266   0x08003266   0x0000006e   Code   RO         2681    i.rt_sem_take       ipc.o
    0x080032d4   0x080032d4   0x000000b0   Code   RO         2914    i.rt_show_version   kservice.o
    0x08003384   0x08003384   0x00000010   Code   RO         2920    i.rt_strlen         kservice.o
    0x08003394   0x08003394   0x00000026   Code   RO         2922    i.rt_strncpy        kservice.o
    0x080033ba   0x080033ba   0x00000002   PAD
    0x080033bc   0x080033bc   0x000000ac   Code   RO         2818    i.rt_system_heap_init  mem.o
    0x08003468   0x08003468   0x00000034   Code   RO         3167    i.rt_system_scheduler_init  scheduler.o
    0x0800349c   0x0800349c   0x00000028   Code   RO         3168    i.rt_system_scheduler_start  scheduler.o
    0x080034c4   0x080034c4   0x0000000c   Code   RO         3357    i.rt_system_timer_init  timer.o
    0x080034d0   0x080034d0   0x00000002   Code   RO         3358    i.rt_system_timer_thread_init  timer.o
    0x080034d2   0x080034d2   0x00000048   Code   RO         3228    i.rt_thread_create  thread.o
    0x0800351a   0x0800351a   0x00000002   PAD
    0x0800351c   0x0800351c   0x0000005c   Code   RO         3233    i.rt_thread_exit    thread.o
    0x08003578   0x08003578   0x00000006   Code   RO         2629    i.rt_thread_idle_entry  idle.o
    0x0800357e   0x0800357e   0x00000002   PAD
    0x08003580   0x08003580   0x0000004c   Code   RO         2630    i.rt_thread_idle_excute  idle.o
    0x080035cc   0x080035cc   0x00000038   Code   RO         2632    i.rt_thread_idle_init  idle.o
    0x08003604   0x08003604   0x00000030   Code   RO         3235    i.rt_thread_init    thread.o
    0x08003634   0x08003634   0x0000000e   Code   RO         3236    i.rt_thread_mdelay  thread.o
    0x08003642   0x08003642   0x0000003c   Code   RO         3237    i.rt_thread_resume  thread.o
    0x0800367e   0x0800367e   0x00000002   PAD
    0x08003680   0x08003680   0x0000000c   Code   RO         3238    i.rt_thread_self    thread.o
    0x0800368c   0x0800368c   0x00000040   Code   RO         3239    i.rt_thread_sleep   thread.o
    0x080036cc   0x080036cc   0x0000002c   Code   RO         3240    i.rt_thread_startup  thread.o
    0x080036f8   0x080036f8   0x00000042   Code   RO         3241    i.rt_thread_suspend  thread.o
    0x0800373a   0x0800373a   0x00000020   Code   RO         3242    i.rt_thread_timeout  thread.o
    0x0800375a   0x0800375a   0x00000002   PAD
    0x0800375c   0x0800375c   0x00000060   Code   RO         3243    i.rt_thread_yield   thread.o
    0x080037bc   0x080037bc   0x00000032   Code   RO         2450    i.rt_tick_from_millisecond  clock.o
    0x080037ee   0x080037ee   0x00000002   PAD
    0x080037f0   0x080037f0   0x0000000c   Code   RO         2451    i.rt_tick_get       clock.o
    0x080037fc   0x080037fc   0x0000002c   Code   RO         2452    i.rt_tick_increase  clock.o
    0x08003828   0x08003828   0x0000008c   Code   RO         3359    i.rt_timer_check    timer.o
    0x080038b4   0x080038b4   0x00000048   Code   RO         3360    i.rt_timer_control  timer.o
    0x080038fc   0x080038fc   0x00000028   Code   RO         3363    i.rt_timer_detach   timer.o
    0x08003924   0x08003924   0x00000028   Code   RO         3364    i.rt_timer_init     timer.o
    0x0800394c   0x0800394c   0x00000084   Code   RO         3366    i.rt_timer_start    timer.o
    0x080039d0   0x080039d0   0x0000002e   Code   RO         3367    i.rt_timer_stop     timer.o
    0x080039fe   0x080039fe   0x00000002   PAD
    0x08003a00   0x08003a00   0x00000284   Code   RO         2925    i.rt_vsnprintf      kservice.o
    0x08003c84   0x08003c84   0x00000004   Code   RO         2492    i.rti_board_end     components.o
    0x08003c88   0x08003c88   0x00000004   Code   RO         2493    i.rti_board_start   components.o
    0x08003c8c   0x08003c8c   0x00000004   Code   RO         2494    i.rti_end           components.o
    0x08003c90   0x08003c90   0x00000004   Code   RO         2495    i.rti_start         components.o
    0x08003c94   0x08003c94   0x0000002a   Code   RO         2496    i.rtthread_startup  components.o
    0x08003cbe   0x08003cbe   0x00000002   PAD
    0x08003cc0   0x08003cc0   0x00000030   Code   RO         3460    i.show_wait_queue   cmd.o
    0x08003cf0   0x08003cf0   0x00000028   Code   RO         2927    i.skip_atoi         kservice.o
    0x08003d18   0x08003d18   0x0000000a   Code   RO         2388    i.uart_init         board.o
    0x08003d22   0x08003d22   0x00000002   PAD
    0x08003d24   0x08003d24   0x000000d0   Code   RO         2575    i.usage_fault_track  cpuport.o
    0x08003df4   0x08003df4   0x0000000a   Code   RO         3461    i.version           cmd.o
    0x08003dfe   0x08003dfe   0x00000010   Data   RO         2346    .constdata          system_stm32f4xx.o
    0x08003e0e   0x08003e0e   0x00000008   Data   RO         2347    .constdata          system_stm32f4xx.o
    0x08003e16   0x08003e16   0x00000122   Data   RO         2929    .constdata          kservice.o
    0x08003f38   0x08003f38   0x00000044   Data   RO         3462    .conststring        cmd.o
    0x08003f7c   0x08003f7c   0x00000009   Data   RO         2821    .rodata.name        mem.o
    0x08003f85   0x08003f85   0x0000001e   Data   RO         2822    .rodata.name        mem.o
    0x08003fa3   0x08003fa3   0x00000006   Data   RO         3463    .rodata.name        cmd.o
    0x08003fa9   0x08003fa9   0x00000010   Data   RO         3464    .rodata.name        cmd.o
    0x08003fb9   0x08003fb9   0x00000008   Data   RO         3465    .rodata.name        cmd.o
    0x08003fc1   0x08003fc1   0x00000023   Data   RO         3466    .rodata.name        cmd.o
    0x08003fe4   0x08003fe4   0x0000000e   Data   RO         3467    .rodata.name        cmd.o
    0x08003ff2   0x08003ff2   0x00000023   Data   RO         3468    .rodata.name        cmd.o
    0x08004015   0x08004015   0x0000000c   Data   RO         3469    .rodata.name        cmd.o
    0x08004021   0x08004021   0x0000000c   Data   RO         3470    .rodata.name        cmd.o
    0x0800402d   0x0800402d   0x00000012   Data   RO         3471    .rodata.name        cmd.o
    0x0800403f   0x0800403f   0x0000000c   Data   RO         3472    .rodata.name        cmd.o
    0x0800404b   0x0800404b   0x00000009   Data   RO         3473    .rodata.name        cmd.o
    0x08004054   0x08004054   0x00000019   Data   RO         3474    .rodata.name        cmd.o
    0x0800406d   0x0800406d   0x0000000f   Data   RO         3475    .rodata.name        cmd.o
    0x0800407c   0x0800407c   0x00000019   Data   RO         3476    .rodata.name        cmd.o
    0x08004095   0x08004095   0x0000000d   Data   RO         3477    .rodata.name        cmd.o
    0x080040a2   0x080040a2   0x00000018   Data   RO         3478    .rodata.name        cmd.o
    0x080040ba   0x080040ba   0x00000013   Data   RO         3479    .rodata.name        cmd.o
    0x080040cd   0x080040cd   0x00000018   Data   RO         3480    .rodata.name        cmd.o
    0x080040e5   0x080040e5   0x0000000b   Data   RO         3481    .rodata.name        cmd.o
    0x080040f0   0x080040f0   0x00000015   Data   RO         3482    .rodata.name        cmd.o
    0x08004105   0x08004105   0x00000011   Data   RO         3483    .rodata.name        cmd.o
    0x08004116   0x08004116   0x00000015   Data   RO         3484    .rodata.name        cmd.o
    0x0800412b   0x0800412b   0x00000005   Data   RO         3485    .rodata.name        cmd.o
    0x08004130   0x08004130   0x0000001a   Data   RO         3486    .rodata.name        cmd.o
    0x0800414a   0x0800414a   0x0000000b   Data   RO         3586    .rodata.name        msh.o
    0x08004155   0x08004155   0x00000016   Data   RO         3587    .rodata.name        msh.o
    0x0800416b   0x0800416b   0x00000009   Data   RO         3588    .rodata.name        msh.o
    0x08004174   0x08004174   0x0000001c   Data   RO         3589    .rodata.name        msh.o
    0x08004190   0x08004190   0x0000000b   Data   RO         3590    .rodata.name        msh.o
    0x0800419b   0x0800419b   0x00000025   Data   RO         3591    .rodata.name        msh.o
    0x080041c0   0x080041c0   0x00000004   Data   RO         2497    .rti_fn.0           components.o
    0x080041c4   0x080041c4   0x00000004   Data   RO         2498    .rti_fn.0.end       components.o
    0x080041c8   0x080041c8   0x00000004   Data   RO         2390    .rti_fn.1           board.o
    0x080041cc   0x080041cc   0x00000004   Data   RO         2499    .rti_fn.1.end       components.o
    0x080041d0   0x080041d0   0x00000004   Data   RO         3657    .rti_fn.6           shell.o
    0x080041d4   0x080041d4   0x00000004   Data   RO         2500    .rti_fn.6.end       components.o
    0x080041d8   0x080041d8   0x0000000c   Data   RO         2823    FSymTab             mem.o
    0x080041e4   0x080041e4   0x00000090   Data   RO         3487    FSymTab             cmd.o
    0x08004274   0x08004274   0x00000024   Data   RO         3592    FSymTab             msh.o
    0x08004298   0x08004298   0x00000020   Data   RO         3763    Region$$Table       anon$$obj.o


    Execution Region RW_IRAM2 (Exec base: 0x10000000, Load base: 0x08004370, Size: 0x00000000, Max: 0x00010000, ABSOLUTE)

    **** No section assigned to this execution region ****


    Execution Region RW_IRAM1 (Exec base: 0x20000000, Load base: 0x080042b8, Size: 0x00005668, Max: 0x00030000, ABSOLUTE)

    Exec Addr    Load Addr    Size         Type   Attr      Idx    E Section Name        Object

    0x20000000   0x080042b8   0x0000000c   Data   RW         1710    .data               stm32f4xx_hal.o
    0x2000000c   0x080042c4   0x00000004   Data   RW         2348    .data               system_stm32f4xx.o
    0x20000010   0x080042c8   0x00000004   Data   RW         2454    .data               clock.o
    0x20000014   0x080042cc   0x00000004   Data   RW         2576    .data               cpuport.o
    0x20000018   0x080042d0   0x00000004   Data   RW         2577    .data               cpuport.o
    0x2000001c   0x080042d4   0x00000004   Data   RW         2578    .data               cpuport.o
    0x20000020   0x080042d8   0x00000004   Data   RW         2579    .data               cpuport.o
    0x20000024   0x080042dc   0x00000001   Data   RW         2787    .data               irq.o
    0x20000025   0x080042dd   0x00000003   PAD
    0x20000028   0x080042e0   0x00000018   Data   RW         2820    .data               mem.o
    0x20000040   0x080042f8   0x00000040   Data   RW         3087    .data               object.o
    0x20000080   0x08004338   0x00000014   Data   RW         3170    .data               scheduler.o
    0x20000094   0x0800434c   0x0000000c   Data   RW         3368    .data               timer.o
    0x200000a0   0x08004358   0x00000018   Data   RW         3656    .data               shell.o
    0x200000b8        -       0x00000278   Zero   RW          196    .bss                ams_thread.o
    0x20000330        -       0x00000058   Zero   RW          253    .bss                spi.o
    0x20000388        -       0x00000044   Zero   RW          295    .bss                usart.o
    0x200003cc        -       0x00003c00   Zero   RW         2389    .bss                board.o
    0x20003fcc        -       0x00000178   Zero   RW         2633    .bss                idle.o
    0x20004144        -       0x00000020   Zero   RW         2819    .bss                mem.o
    0x20004164        -       0x00000200   Zero   RW         2928    .bss                kservice.o
    0x20004364        -       0x00000100   Zero   RW         3169    .bss                scheduler.o
    0x20004464        -       0x00000201   Zero   RW         3655    .bss                shell.o
    0x20004665   0x08004370   0x00000003   PAD
    0x20004668        -       0x00001000   Zero   RW            1    STACK               startup_stm32f427xx.o


==============================================================================

Image component sizes


      Code (inc. data)   RO Data    RW Data    ZI Data      Debug   Object Name

       122         20          0          0        632       1701   ams_thread.o
       212         22          4          0      15360      34641   board.o
       106         12          0          4          0       1848   clock.o
      1738        656        635          0          0      14845   cmd.o
       182         28         16          0          0       5934   components.o
       308         28          0          0          0        796   context_rvds.o
      1372        736          0         16          0       6282   cpuport.o
        52          4          0          0          0       1036   finsh_port.o
       164         12          0          0          0        963   gpio.o
       138         22          0          0        376       4962   idle.o
       316          0          0          0          0       6697   ipc.o
        56         12          0          1          0       1578   irq.o
      1442        160        290          0        512      11029   kservice.o
       400         50          0          0          0     724409   main.o
       826        248         51         24         32       5275   mem.o
       780        162        154          0          0       8284   msh.o
       312          6          0         64          0       8420   object.o
       416         56          0         20        256       8050   scheduler.o
       928        134          4         24        513       9260   shell.o
       172         24          0          0         88       1725   spi.o
        36          8        428          0       4096        844   startup_stm32f427xx.o
       128         20          0         12          0       8463   stm32f4xx_hal.o
       172         14          0          0          0      33306   stm32f4xx_hal_cortex.o
       574         54          0          0          0       2240   stm32f4xx_hal_gpio.o
        48          6          0          0          0        874   stm32f4xx_hal_msp.o
       112         14          0          0          0       1308   stm32f4xx_hal_pwr_ex.o
      1348         76          0          0          0       5300   stm32f4xx_hal_rcc.o
       188          0          0          0          0       1215   stm32f4xx_hal_spi.o
       664         10          0          0          0       4220   stm32f4xx_hal_uart.o
        12          0          0          0          0       2839   stm32f4xx_it.o
       140         24         24          4          0       1915   system_stm32f4xx.o
       788         44          0          0          0      12579   thread.o
       550         20          0         12          0      10940   timer.o
       164         22          0          0         68       1744   usart.o

    ----------------------------------------------------------------------
     15010       2704       1638        184      21936     945522   Object Totals
         0          0         32          0          0          0   (incl. Generated)
        44          0          0          3          3          0   (incl. Padding)

    ----------------------------------------------------------------------

      Code (inc. data)   RO Data    RW Data    ZI Data      Debug   Library Member Name

         0          0          0          0          0          0   entry.o
         0          0          0          0          0          0   entry10a.o
         0          0          0          0          0          0   entry11a.o
         8          4          0          0          0          0   entry2.o
         4          0          0          0          0          0   entry5.o
         0          0          0          0          0          0   entry7b.o
         0          0          0          0          0          0   entry8b.o
         8          4          0          0          0          0   entry9a.o
        30          0          0          0          0          0   handlers.o
        36          8          0          0          0         68   init.o
        30          0          0          0          0         68   llshl.o
        32          0          0          0          0         68   llushr.o
        36          0          0          0          0         68   memcpya.o
        36          0          0          0          0        108   memseta.o
        24          0          0          0          0         68   strcat.o
        18          0          0          0          0         68   strcpy.o
        14          0          0          0          0         68   strlen.o
        30          0          0          0          0         80   strncmp.o
        24          0          0          0          0         76   strncpy.o
        98          0          0          0          0         92   uldiv.o

    ----------------------------------------------------------------------
       432         16          0          0          0        832   Library Totals
         4          0          0          0          0          0   (incl. Padding)

    ----------------------------------------------------------------------

      Code (inc. data)   RO Data    RW Data    ZI Data      Debug   Library Name

       428         16          0          0          0        832   mc_w.l

    ----------------------------------------------------------------------
       432         16          0          0          0        832   Library Totals

    ----------------------------------------------------------------------

==============================================================================


      Code (inc. data)   RO Data    RW Data    ZI Data      Debug   

     15442       2720       1638        184      21936     930794   Grand Totals
     15442       2720       1638        184      21936     930794   ELF Image Totals
     15442       2720       1638        184          0          0   ROM Totals

==============================================================================

    Total RO  Size (Code + RO Data)                17080 (  16.68kB)
    Total RW  Size (RW Data + ZI Data)             22120 (  21.60kB)
    Total ROM Size (Code + RO Data + RW Data)      17264 (  16.86kB)

==============================================================================

